Archive member included to satisfy reference by file (symbol)

c:/intelfpga_lite/18.1/nios2eds/bin/gnu/h-x86_64-mingw32/bin/../lib/gcc/nios2-elf/5.3.0/../../../../../H-x86_64-mingw32/nios2-elf/lib\libsmallc.a(lib_a-memcpy.o)
                              obj/default/counter.o (memcpy)
c:/intelfpga_lite/18.1/nios2eds/bin/gnu/h-x86_64-mingw32/bin/../lib/gcc/nios2-elf/5.3.0/../../../../../H-x86_64-mingw32/nios2-elf/lib\libsmallc.a(lib_a-printf.o)
                              obj/default/counter.o (printf)
c:/intelfpga_lite/18.1/nios2eds/bin/gnu/h-x86_64-mingw32/bin/../lib/gcc/nios2-elf/5.3.0/../../../../../H-x86_64-mingw32/nios2-elf/lib\libsmallc.a(lib_a-puts.o)
                              obj/default/counter.o (puts)
c:/intelfpga_lite/18.1/nios2eds/bin/gnu/h-x86_64-mingw32/bin/../lib/gcc/nios2-elf/5.3.0/../../../../../H-x86_64-mingw32/nios2-elf/lib\libsmallc.a(lib_a-strlen.o)
                              c:/intelfpga_lite/18.1/nios2eds/bin/gnu/h-x86_64-mingw32/bin/../lib/gcc/nios2-elf/5.3.0/../../../../../H-x86_64-mingw32/nios2-elf/lib\libsmallc.a(lib_a-puts.o) (strlen)
c:/intelfpga_lite/18.1/nios2eds/bin/gnu/h-x86_64-mingw32/bin/../lib/gcc/nios2-elf/5.3.0/../../../../../H-x86_64-mingw32/nios2-elf/lib\libsmallc.a(lib_a-vfprintf.o)
                              c:/intelfpga_lite/18.1/nios2eds/bin/gnu/h-x86_64-mingw32/bin/../lib/gcc/nios2-elf/5.3.0/../../../../../H-x86_64-mingw32/nios2-elf/lib\libsmallc.a(lib_a-printf.o) (___vfprintf_internal_r)
c:/intelfpga_lite/18.1/nios2eds/bin/gnu/h-x86_64-mingw32/bin/../lib/gcc/nios2-elf/5.3.0/../../../../../H-x86_64-mingw32/nios2-elf/lib\libsmallc.a(lib_a-fvwrite_small_dev.o)
                              c:/intelfpga_lite/18.1/nios2eds/bin/gnu/h-x86_64-mingw32/bin/../lib/gcc/nios2-elf/5.3.0/../../../../../H-x86_64-mingw32/nios2-elf/lib\libsmallc.a(lib_a-printf.o) (__sfvwrite_small_dev)
c:/intelfpga_lite/18.1/nios2eds/bin/gnu/h-x86_64-mingw32/bin/../lib/gcc/nios2-elf/5.3.0/../../../../../H-x86_64-mingw32/nios2-elf/lib\libsmallc.a(lib_a-impure.o)
                              c:/intelfpga_lite/18.1/nios2eds/bin/gnu/h-x86_64-mingw32/bin/../lib/gcc/nios2-elf/5.3.0/../../../../../H-x86_64-mingw32/nios2-elf/lib\libsmallc.a(lib_a-printf.o) (_impure_ptr)
c:/intelfpga_lite/18.1/nios2eds/bin/gnu/h-x86_64-mingw32/bin/../lib/gcc/nios2-elf/5.3.0/../../../../../H-x86_64-mingw32/nios2-elf/lib\libsmallc.a(lib_a-writer.o)
                              c:/intelfpga_lite/18.1/nios2eds/bin/gnu/h-x86_64-mingw32/bin/../lib/gcc/nios2-elf/5.3.0/../../../../../H-x86_64-mingw32/nios2-elf/lib\libsmallc.a(lib_a-fvwrite_small_dev.o) (_write_r)
c:/intelfpga_lite/18.1/nios2eds/bin/gnu/h-x86_64-mingw32/bin/../lib/gcc/nios2-elf/5.3.0/../../../../../H-x86_64-mingw32/nios2-elf/lib\libsmallc.a(lib_a-int_errno.o)
                              c:/intelfpga_lite/18.1/nios2eds/bin/gnu/h-x86_64-mingw32/bin/../lib/gcc/nios2-elf/5.3.0/../../../../../H-x86_64-mingw32/nios2-elf/lib\libsmallc.a(lib_a-writer.o) (errno)
c:/intelfpga_lite/18.1/nios2eds/bin/gnu/h-x86_64-mingw32/bin/../lib/gcc/nios2-elf/5.3.0\libgcc.a(lib2-divmod.o)
                              c:/intelfpga_lite/18.1/nios2eds/bin/gnu/h-x86_64-mingw32/bin/../lib/gcc/nios2-elf/5.3.0/../../../../../H-x86_64-mingw32/nios2-elf/lib\libsmallc.a(lib_a-vfprintf.o) (__udivsi3)
../nios2_advance_bsp/\libhal_bsp.a(alt_load.o)
                              ../nios2_advance_bsp//obj/HAL/src/crt0.o (alt_load)
../nios2_advance_bsp/\libhal_bsp.a(alt_main.o)
                              ../nios2_advance_bsp//obj/HAL/src/crt0.o (alt_main)
../nios2_advance_bsp/\libhal_bsp.a(alt_usleep.o)
                              obj/default/counter.o (usleep)
../nios2_advance_bsp/\libhal_bsp.a(alt_write.o)
                              c:/intelfpga_lite/18.1/nios2eds/bin/gnu/h-x86_64-mingw32/bin/../lib/gcc/nios2-elf/5.3.0/../../../../../H-x86_64-mingw32/nios2-elf/lib\libsmallc.a(lib_a-writer.o) (write)
../nios2_advance_bsp/\libhal_bsp.a(alt_sys_init.o)
                              ../nios2_advance_bsp/\libhal_bsp.a(alt_main.o) (alt_irq_init)
../nios2_advance_bsp/\libhal_bsp.a(altera_avalon_jtag_uart_fd.o)
                              ../nios2_advance_bsp/\libhal_bsp.a(alt_sys_init.o) (altera_avalon_jtag_uart_read_fd)
../nios2_advance_bsp/\libhal_bsp.a(altera_avalon_jtag_uart_read.o)
                              ../nios2_advance_bsp/\libhal_bsp.a(altera_avalon_jtag_uart_fd.o) (altera_avalon_jtag_uart_read)
../nios2_advance_bsp/\libhal_bsp.a(altera_avalon_jtag_uart_write.o)
                              ../nios2_advance_bsp/\libhal_bsp.a(altera_avalon_jtag_uart_fd.o) (altera_avalon_jtag_uart_write)
../nios2_advance_bsp/\libhal_bsp.a(altera_avalon_timer_sc.o)
                              ../nios2_advance_bsp/\libhal_bsp.a(alt_sys_init.o) (alt_avalon_timer_sc_init)
../nios2_advance_bsp/\libhal_bsp.a(alt_busy_sleep.o)
                              ../nios2_advance_bsp/\libhal_bsp.a(alt_usleep.o) (alt_busy_sleep)
[...]
Memory Configuration

Name             Origin             Length             Attributes
reset            0x0000000000008000 0x0000000000000020
onchip_memory2_0 0x0000000000008020 0x0000000000004e00
*default*        0x0000000000000000 0xffffffffffffffff

Linker script and memory map

LOAD ../nios2_advance_bsp//obj/HAL/src/crt0.o
LOAD obj/default/counter.o
LOAD c:/intelfpga_lite/18.1/nios2eds/bin/gnu/h-x86_64-mingw32/bin/../lib/gcc/nios2-elf/5.3.0/../../../../../H-x86_64-mingw32/nios2-elf/lib\libstdc++.a
LOAD c:/intelfpga_lite/18.1/nios2eds/bin/gnu/h-x86_64-mingw32/bin/../lib/gcc/nios2-elf/5.3.0/../../../../../H-x86_64-mingw32/nios2-elf/lib\libm.a
LOAD c:/intelfpga_lite/18.1/nios2eds/bin/gnu/h-x86_64-mingw32/bin/../lib/gcc/nios2-elf/5.3.0\libgcc.a
START GROUP
LOAD c:/intelfpga_lite/18.1/nios2eds/bin/gnu/h-x86_64-mingw32/bin/../lib/gcc/nios2-elf/5.3.0/../../../../../H-x86_64-mingw32/nios2-elf/lib\libsmallc.a
LOAD c:/intelfpga_lite/18.1/nios2eds/bin/gnu/h-x86_64-mingw32/bin/../lib/gcc/nios2-elf/5.3.0\libgcc.a
LOAD ../nios2_advance_bsp/\libhal_bsp.a
LOAD c:/intelfpga_lite/18.1/nios2eds/bin/gnu/h-x86_64-mingw32/bin/../lib/gcc/nios2-elf/5.3.0/../../../../../H-x86_64-mingw32/nios2-elf/lib\libm.a
END GROUP
LOAD c:/intelfpga_lite/18.1/nios2eds/bin/gnu/h-x86_64-mingw32/bin/../lib/gcc/nios2-elf/5.3.0\libgcc.a
                0x0000000000008000                __alt_mem_onchip_memory2_0 = 0x8000

.entry          0x0000000000008000       0x20
 *(.entry)
 .entry         0x0000000000008000       0x20 ../nios2_advance_bsp//obj/HAL/src/crt0.o
                0x0000000000008000                __reset

.exceptions     0x0000000000008020      0x224
                0x0000000000008020                PROVIDE (__ram_exceptions_start, ABSOLUTE (.))
                0x0000000000008020                . = ALIGN (0x20)
 *(.irq)
 *(.exceptions.entry.label)
 .exceptions.entry.label
                0x0000000000008020        0x0 ../nios2_advance_bsp/\libhal_bsp.a(alt_irq_entry.o)
                0x0000000000008020                alt_irq_entry
 .exceptions.entry.label
                0x0000000000008020        0x0 ../nios2_advance_bsp/\libhal_bsp.a(alt_exception_entry.o)
                0x0000000000008020                alt_exception
 *(.exceptions.entry.user)
 *(.exceptions.entry.ecc_fatal)
 *(.exceptions.entry)
 .exceptions.entry
                0x0000000000008020       0x54 ../nios2_advance_bsp/\libhal_bsp.a(alt_exception_entry.o)
 *(.exceptions.irqtest.user)
 *(.exceptions.irqtest)
 .exceptions.irqtest
                0x0000000000008074       0x10 ../nios2_advance_bsp/\libhal_bsp.a(alt_irq_entry.o)
 *(.exceptions.irqhandler.user)
 *(.exceptions.irqhandler)
 .exceptions.irqhandler
                0x0000000000008084        0x4 ../nios2_advance_bsp/\libhal_bsp.a(alt_irq_entry.o)
 *(.exceptions.irqreturn.user)
 *(.exceptions.irqreturn)
 .exceptions.irqreturn
                0x0000000000008088        0x4 ../nios2_advance_bsp/\libhal_bsp.a(alt_irq_entry.o)
 *(.exceptions.notirq.label)
 .exceptions.notirq.label
                0x000000000000808c        0x0 ../nios2_advance_bsp/\libhal_bsp.a(alt_irq_entry.o)
 *(.exceptions.notirq.user)
 *(.exceptions.notirq)
 .exceptions.notirq
                0x000000000000808c        0x8 ../nios2_advance_bsp/\libhal_bsp.a(alt_exception_entry.o)
 *(.exceptions.soft.user)
 *(.exceptions.soft)
 *(.exceptions.unknown.user)
 *(.exceptions.unknown)
 .exceptions.unknown
                0x0000000000008094       0x14 ../nios2_advance_bsp/\libhal_bsp.a(alt_exception_entry.o)
 *(.exceptions.exit.label)
 .exceptions.exit.label
                0x00000000000080a8        0x0 ../nios2_advance_bsp/\libhal_bsp.a(alt_irq_entry.o)
 .exceptions.exit.label
                0x00000000000080a8        0x0 ../nios2_advance_bsp/\libhal_bsp.a(alt_exception_entry.o)
 *(.exceptions.exit.user)
 *(.exceptions.exit)
 .exceptions.exit
                0x00000000000080a8       0x54 ../nios2_advance_bsp/\libhal_bsp.a(alt_exception_entry.o)
 *(.exceptions)
 .exceptions    0x00000000000080fc       0xd4 ../nios2_advance_bsp/\libhal_bsp.a(alt_irq_handler.o)
                0x00000000000080fc                alt_irq_handler
 .exceptions    0x00000000000081d0       0x74 ../nios2_advance_bsp/\libhal_bsp.a(alt_instruction_exception_entry.o)
                0x00000000000081d0                alt_instruction_exception_entry
                0x0000000000008244                PROVIDE (__ram_exceptions_end, ABSOLUTE (.))
                0x0000000000008020                PROVIDE (__flash_exceptions_start, LOADADDR (.exceptions))

.text           0x0000000000008244     0x2820
                [!provide]                        PROVIDE (stext, ABSOLUTE (.))
 *(.interp)
 *(.hash)
 *(.dynsym)
 *(.dynstr)
 *(.gnu.version)
 *(.gnu.version_d)
 *(.gnu.version_r)
 *(.rel.init)
 *(.rela.init)
 *(.rel.text .rel.text.* .rel.gnu.linkonce.t.*)
 *(.rela.text .rela.text.* .rela.gnu.linkonce.t.*)
 *(.rel.fini)
 *(.rela.fini)
 *(.rel.rodata .rel.rodata.* .rel.gnu.linkonce.r.*)
 *(.rela.rodata .rela.rodata.* .rela.gnu.linkonce.r.*)
 *(.rel.data .rel.data.* .rel.gnu.linkonce.d.*)
 *(.rela.data .rela.data.* .rela.gnu.linkonce.d.*)
 *(.rel.tdata .rel.tdata.* .rel.gnu.linkonce.td.*)
 *(.rela.tdata .rela.tdata.* .rela.gnu.linkonce.td.*)
 *(.rel.tbss .rel.tbss.* .rel.gnu.linkonce.tb.*)
 *(.rela.tbss .rela.tbss.* .rela.gnu.linkonce.tb.*)
 *(.rel.ctors)
 *(.rela.ctors)
 *(.rel.dtors)
 *(.rela.dtors)
 *(.rel.got)
 *(.rela.got)
 *(.rel.sdata .rel.sdata.* .rel.gnu.linkonce.s.*)
 *(.rela.sdata .rela.sdata.* .rela.gnu.linkonce.s.*)
 *(.rel.sbss .rel.sbss.* .rel.gnu.linkonce.sb.*)
 *(.rela.sbss .rela.sbss.* .rela.gnu.linkonce.sb.*)
 *(.rel.sdata2 .rel.sdata2.* .rel.gnu.linkonce.s2.*)
 *(.rela.sdata2 .rela.sdata2.* .rela.gnu.linkonce.s2.*)
 *(.rel.sbss2 .rel.sbss2.* .rel.gnu.linkonce.sb2.*)
 *(.rela.sbss2 .rela.sbss2.* .rela.gnu.linkonce.sb2.*)
 *(.rel.bss .rel.bss.* .rel.gnu.linkonce.b.*)
 *(.rela.bss .rela.bss.* .rela.gnu.linkonce.b.*)
 *(.rel.plt)
 *(.rela.plt)
 *(.rel.dyn)
 *(.init)
 *(.plt)
 *(.text .stub .text.* .gnu.linkonce.t.*)
 .text          0x0000000000008244       0x4c ../nios2_advance_bsp//obj/HAL/src/crt0.o
                0x0000000000008244                _start
 .text          0x0000000000008290      0x354 obj/default/counter.o
                0x0000000000008290                main
                0x00000000000083f4                shift_4bits
                0x0000000000008430                clear_MS4B
                0x000000000000846c                convert
 .text          0x00000000000085e4        0x0 c:/intelfpga_lite/18.1/nios2eds/bin/gnu/h-x86_64-mingw32/bin/../lib/gcc/nios2-elf/5.3.0/../../../../../H-x86_64-mingw32/nios2-elf/lib\libsmallc.a(lib_a-memcpy.o)
 .text.memcpy   0x00000000000085e4       0x28 c:/intelfpga_lite/18.1/nios2eds/bin/gnu/h-x86_64-mingw32/bin/../lib/gcc/nios2-elf/5.3.0/../../../../../H-x86_64-mingw32/nios2-elf/lib\libsmallc.a(lib_a-memcpy.o)
                0x00000000000085e4                memcpy
 .text          0x000000000000860c        0x0 c:/intelfpga_lite/18.1/nios2eds/bin/gnu/h-x86_64-mingw32/bin/../lib/gcc/nios2-elf/5.3.0/../../../../../H-x86_64-mingw32/nios2-elf/lib\libsmallc.a(lib_a-printf.o)
 .text._printf_r
                0x000000000000860c       0x3c c:/intelfpga_lite/18.1/nios2eds/bin/gnu/h-x86_64-mingw32/bin/../lib/gcc/nios2-elf/5.3.0/../../../../../H-x86_64-mingw32/nios2-elf/lib\libsmallc.a(lib_a-printf.o)
                0x000000000000860c                _printf_r
 .text.printf   0x0000000000008648       0x4c c:/intelfpga_lite/18.1/nios2eds/bin/gnu/h-x86_64-mingw32/bin/../lib/gcc/nios2-elf/5.3.0/../../../../../H-x86_64-mingw32/nios2-elf/lib\libsmallc.a(lib_a-printf.o)
                0x0000000000008648                printf
 .text          0x0000000000008694        0x0 c:/intelfpga_lite/18.1/nios2eds/bin/gnu/h-x86_64-mingw32/bin/../lib/gcc/nios2-elf/5.3.0/../../../../../H-x86_64-mingw32/nios2-elf/lib\libsmallc.a(lib_a-puts.o)
 .text._puts_r  0x0000000000008694       0x80 c:/intelfpga_lite/18.1/nios2eds/bin/gnu/h-x86_64-mingw32/bin/../lib/gcc/nios2-elf/5.3.0/../../../../../H-x86_64-mingw32/nios2-elf/lib\libsmallc.a(lib_a-puts.o)
                0x0000000000008694                _puts_r
 .text.puts     0x0000000000008714       0x14 c:/intelfpga_lite/18.1/nios2eds/bin/gnu/h-x86_64-mingw32/bin/../lib/gcc/nios2-elf/5.3.0/../../../../../H-x86_64-mingw32/nios2-elf/lib\libsmallc.a(lib_a-puts.o)
                0x0000000000008714                puts
 .text          0x0000000000008728        0x0 c:/intelfpga_lite/18.1/nios2eds/bin/gnu/h-x86_64-mingw32/bin/../lib/gcc/nios2-elf/5.3.0/../../../../../H-x86_64-mingw32/nios2-elf/lib\libsmallc.a(lib_a-strlen.o)
 .text.strlen   0x0000000000008728       0x1c c:/intelfpga_lite/18.1/nios2eds/bin/gnu/h-x86_64-mingw32/bin/../lib/gcc/nios2-elf/5.3.0/../../../../../H-x86_64-mingw32/nios2-elf/lib\libsmallc.a(lib_a-strlen.o)
                0x0000000000008728                strlen
 .text          0x0000000000008744        0x0 c:/intelfpga_lite/18.1/nios2eds/bin/gnu/h-x86_64-mingw32/bin/../lib/gcc/nios2-elf/5.3.0/../../../../../H-x86_64-mingw32/nios2-elf/lib\libsmallc.a(lib_a-vfprintf.o)
 .text.print_repeat
                0x0000000000008744       0x6c c:/intelfpga_lite/18.1/nios2eds/bin/gnu/h-x86_64-mingw32/bin/../lib/gcc/nios2-elf/5.3.0/../../../../../H-x86_64-mingw32/nios2-elf/lib\libsmallc.a(lib_a-vfprintf.o)
 .text.___vfprintf_internal_r
                0x00000000000087b0      0x524 c:/intelfpga_lite/18.1/nios2eds/bin/gnu/h-x86_64-mingw32/bin/../lib/gcc/nios2-elf/5.3.0/../../../../../H-x86_64-mingw32/nios2-elf/lib\libsmallc.a(lib_a-vfprintf.o)
                0x00000000000087b0                ___vfprintf_internal_r
 .text.__vfprintf_internal
                0x0000000000008cd4       0x1c c:/intelfpga_lite/18.1/nios2eds/bin/gnu/h-x86_64-mingw32/bin/../lib/gcc/nios2-elf/5.3.0/../../../../../H-x86_64-mingw32/nios2-elf/lib\libsmallc.a(lib_a-vfprintf.o)
                0x0000000000008cd4                __vfprintf_internal
 .text          0x0000000000008cf0        0x0 c:/intelfpga_lite/18.1/nios2eds/bin/gnu/h-x86_64-mingw32/bin/../lib/gcc/nios2-elf/5.3.0/../../../../../H-x86_64-mingw32/nios2-elf/lib\libsmallc.a(lib_a-fvwrite_small_dev.o)
 .text.__sfvwrite_small_dev
                0x0000000000008cf0       0xb8 c:/intelfpga_lite/18.1/nios2eds/bin/gnu/h-x86_64-mingw32/bin/../lib/gcc/nios2-elf/5.3.0/../../../../../H-x86_64-mingw32/nios2-elf/lib\libsmallc.a(lib_a-fvwrite_small_dev.o)
                0x0000000000008cf0                __sfvwrite_small_dev
 .text          0x0000000000008da8        0x0 c:/intelfpga_lite/18.1/nios2eds/bin/gnu/h-x86_64-mingw32/bin/../lib/gcc/nios2-elf/5.3.0/../../../../../H-x86_64-mingw32/nios2-elf/lib\libsmallc.a(lib_a-impure.o)
 .text          0x0000000000008da8        0x0 c:/intelfpga_lite/18.1/nios2eds/bin/gnu/h-x86_64-mingw32/bin/../lib/gcc/nios2-elf/5.3.0/../../../../../H-x86_64-mingw32/nios2-elf/lib\libsmallc.a(lib_a-writer.o)
 .text._write_r
                0x0000000000008da8       0x58 c:/intelfpga_lite/18.1/nios2eds/bin/gnu/h-x86_64-mingw32/bin/../lib/gcc/nios2-elf/5.3.0/../../../../../H-x86_64-mingw32/nios2-elf/lib\libsmallc.a(lib_a-writer.o)
                0x0000000000008da8                _write_r
 .text          0x0000000000008e00        0x0 c:/intelfpga_lite/18.1/nios2eds/bin/gnu/h-x86_64-mingw32/bin/../lib/gcc/nios2-elf/5.3.0/../../../../../H-x86_64-mingw32/nios2-elf/lib\libsmallc.a(lib_a-int_errno.o)
 .text          0x0000000000008e00      0x1b4 c:/intelfpga_lite/18.1/nios2eds/bin/gnu/h-x86_64-mingw32/bin/../lib/gcc/nios2-elf/5.3.0\libgcc.a(lib2-divmod.o)
                0x0000000000008e00                __divsi3
                0x0000000000008e84                __modsi3
                0x0000000000008ef8                __udivsi3
                0x0000000000008f5c                __umodsi3
 .text          0x0000000000008fb4       0xec ../nios2_advance_bsp/\libhal_bsp.a(alt_load.o)
                0x000000000000901c                alt_load
 .text          0x00000000000090a0       0x7c ../nios2_advance_bsp/\libhal_bsp.a(alt_main.o)
                0x00000000000090a0                alt_main
 .text          0x000000000000911c       0x30 ../nios2_advance_bsp/\libhal_bsp.a(alt_usleep.o)
                0x000000000000911c                usleep
 .text          0x000000000000914c      0x134 ../nios2_advance_bsp/\libhal_bsp.a(alt_write.o)
                0x0000000000009188                write
 .text          0x0000000000009280       0xbc ../nios2_advance_bsp/\libhal_bsp.a(alt_sys_init.o)
                0x00000000000092b4                alt_irq_init
                0x00000000000092ec                alt_sys_init
 .text          0x000000000000933c       0xc0 ../nios2_advance_bsp/\libhal_bsp.a(altera_avalon_jtag_uart_fd.o)
                0x000000000000933c                altera_avalon_jtag_uart_read_fd
                0x000000000000939c                altera_avalon_jtag_uart_write_fd
 .text          0x00000000000093fc       0xec ../nios2_advance_bsp/\libhal_bsp.a(altera_avalon_jtag_uart_read.o)
                0x00000000000093fc                altera_avalon_jtag_uart_read
 .text          0x00000000000094e8       0x94 ../nios2_advance_bsp/\libhal_bsp.a(altera_avalon_jtag_uart_write.o)
                0x00000000000094e8                altera_avalon_jtag_uart_write
 .text          0x000000000000957c       0xf4 ../nios2_advance_bsp/\libhal_bsp.a(altera_avalon_timer_sc.o)
                0x00000000000095f4                alt_avalon_timer_sc_init
 .text          0x0000000000009670      0x158 ../nios2_advance_bsp/\libhal_bsp.a(alt_busy_sleep.o)
                0x0000000000009670                alt_busy_sleep
 .text          0x00000000000097c8      0x10c ../nios2_advance_bsp/\libhal_bsp.a(alt_close.o)
                0x0000000000009804                close
 .text          0x00000000000098d4       0x48 ../nios2_advance_bsp/\libhal_bsp.a(alt_dcache_flush_all.o)
                0x00000000000098d4                alt_dcache_flush_all
 .text          0x000000000000991c       0x2c ../nios2_advance_bsp/\libhal_bsp.a(alt_dev.o)
 .text          0x0000000000009948       0xe0 ../nios2_advance_bsp/\libhal_bsp.a(alt_dev_llist_insert.o)
                0x0000000000009984                alt_dev_llist_insert
 .text          0x0000000000009a28       0x60 ../nios2_advance_bsp/\libhal_bsp.a(alt_do_ctors.o)
                0x0000000000009a28                _do_ctors
 .text          0x0000000000009a88       0x60 ../nios2_advance_bsp/\libhal_bsp.a(alt_do_dtors.o)
                0x0000000000009a88                _do_dtors
 .text          0x0000000000009ae8        0x0 ../nios2_advance_bsp/\libhal_bsp.a(alt_errno.o)
 .text          0x0000000000009ae8       0x34 ../nios2_advance_bsp/\libhal_bsp.a(alt_icache_flush_all.o)
                0x0000000000009ae8                alt_icache_flush_all
 .text          0x0000000000009b1c      0x1b0 ../nios2_advance_bsp/\libhal_bsp.a(alt_iic.o)
                0x0000000000009b1c                alt_ic_isr_register
                0x0000000000009b6c                alt_ic_irq_enable
                0x0000000000009bf4                alt_ic_irq_disable
                0x0000000000009c80                alt_ic_irq_enabled
 .text          0x0000000000009ccc       0xf0 ../nios2_advance_bsp/\libhal_bsp.a(alt_iic_isr_register.o)
                0x0000000000009ccc                alt_iic_isr_register
 .text          0x0000000000009dbc      0x140 ../nios2_advance_bsp/\libhal_bsp.a(alt_io_redirect.o)
                0x0000000000009e80                alt_io_redirect
 .text          0x0000000000009efc        0x0 ../nios2_advance_bsp/\libhal_bsp.a(alt_irq_entry.o)
 .text          0x0000000000009efc        0x0 ../nios2_advance_bsp/\libhal_bsp.a(alt_irq_handler.o)
 .text          0x0000000000009efc        0x0 ../nios2_advance_bsp/\libhal_bsp.a(alt_irq_vars.o)
 .text          0x0000000000009efc      0x254 ../nios2_advance_bsp/\libhal_bsp.a(alt_open.o)
                0x0000000000009ffc                open
 .text          0x000000000000a150       0x64 ../nios2_advance_bsp/\libhal_bsp.a(alt_release_fd.o)
                0x000000000000a150                alt_release_fd
 .text          0x000000000000a1b4      0x1a4 ../nios2_advance_bsp/\libhal_bsp.a(alt_tick.o)
                0x000000000000a1b4                alt_alarm_stop
                0x000000000000a250                alt_tick
 .text          0x000000000000a358       0x24 ../nios2_advance_bsp/\libhal_bsp.a(altera_nios2_gen2_irq.o)
                0x000000000000a358                altera_nios2_gen2_irq_init
 .text          0x000000000000a37c        0x0 ../nios2_advance_bsp/\libhal_bsp.a(alt_exception_entry.o)
 .text          0x000000000000a37c       0x90 ../nios2_advance_bsp/\libhal_bsp.a(alt_find_dev.o)
                0x000000000000a37c                alt_find_dev
 .text          0x000000000000a40c      0x108 ../nios2_advance_bsp/\libhal_bsp.a(alt_find_file.o)
                0x000000000000a40c                alt_find_file
 .text          0x000000000000a514       0xa4 ../nios2_advance_bsp/\libhal_bsp.a(alt_get_fd.o)
                0x000000000000a514                alt_get_fd
 .text          0x000000000000a5b8       0x90 ../nios2_advance_bsp/\libhal_bsp.a(alt_icache_flush.o)
                0x000000000000a5b8                alt_icache_flush
 .text          0x000000000000a648       0x9c ../nios2_advance_bsp/\libhal_bsp.a(alt_instruction_exception_entry.o)
                0x000000000000a648                alt_exception_cause_generated_bad_addr
 .text          0x000000000000a6e4        0x0 c:/intelfpga_lite/18.1/nios2eds/bin/gnu/h-x86_64-mingw32/bin/../lib/gcc/nios2-elf/5.3.0/../../../../../H-x86_64-mingw32/nios2-elf/lib\libsmallc.a(lib_a-atexit.o)
 .text.atexit   0x000000000000a6e4       0x14 c:/intelfpga_lite/18.1/nios2eds/bin/gnu/h-x86_64-mingw32/bin/../lib/gcc/nios2-elf/5.3.0/../../../../../H-x86_64-mingw32/nios2-elf/lib\libsmallc.a(lib_a-atexit.o)
                0x000000000000a6e4                atexit
 .text          0x000000000000a6f8        0x0 c:/intelfpga_lite/18.1/nios2eds/bin/gnu/h-x86_64-mingw32/bin/../lib/gcc/nios2-elf/5.3.0/../../../../../H-x86_64-mingw32/nios2-elf/lib\libsmallc.a(lib_a-exit.o)
 .text.exit     0x000000000000a6f8       0x20 c:/intelfpga_lite/18.1/nios2eds/bin/gnu/h-x86_64-mingw32/bin/../lib/gcc/nios2-elf/5.3.0/../../../../../H-x86_64-mingw32/nios2-elf/lib\libsmallc.a(lib_a-exit.o)
                0x000000000000a6f8                exit
 .text          0x000000000000a718        0x0 c:/intelfpga_lite/18.1/nios2eds/bin/gnu/h-x86_64-mingw32/bin/../lib/gcc/nios2-elf/5.3.0/../../../../../H-x86_64-mingw32/nios2-elf/lib\libsmallc.a(lib_a-memcmp.o)
 .text.memcmp   0x000000000000a718       0x30 c:/intelfpga_lite/18.1/nios2eds/bin/gnu/h-x86_64-mingw32/bin/../lib/gcc/nios2-elf/5.3.0/../../../../../H-x86_64-mingw32/nios2-elf/lib\libsmallc.a(lib_a-memcmp.o)
                0x000000000000a718                memcmp
 .text          0x000000000000a748        0x0 c:/intelfpga_lite/18.1/nios2eds/bin/gnu/h-x86_64-mingw32/bin/../lib/gcc/nios2-elf/5.3.0/../../../../../H-x86_64-mingw32/nios2-elf/lib\libsmallc.a(lib_a-__atexit.o)
 .text.__register_exitproc
                0x000000000000a748      0x158 c:/intelfpga_lite/18.1/nios2eds/bin/gnu/h-x86_64-mingw32/bin/../lib/gcc/nios2-elf/5.3.0/../../../../../H-x86_64-mingw32/nios2-elf/lib\libsmallc.a(lib_a-__atexit.o)
                0x000000000000a748                __register_exitproc
 .text          0x000000000000a8a0        0x0 c:/intelfpga_lite/18.1/nios2eds/bin/gnu/h-x86_64-mingw32/bin/../lib/gcc/nios2-elf/5.3.0/../../../../../H-x86_64-mingw32/nios2-elf/lib\libsmallc.a(lib_a-__call_atexit.o)
 .text.__call_exitprocs
                0x000000000000a8a0      0x190 c:/intelfpga_lite/18.1/nios2eds/bin/gnu/h-x86_64-mingw32/bin/../lib/gcc/nios2-elf/5.3.0/../../../../../H-x86_64-mingw32/nios2-elf/lib\libsmallc.a(lib_a-__call_atexit.o)
                0x000000000000a8a0                __call_exitprocs
 .text          0x000000000000aa30       0x34 ../nios2_advance_bsp/\libhal_bsp.a(alt_exit.o)
                0x000000000000aa30                _exit
 *(.gnu.warning.*)
 *(.fini)
                [!provide]                        PROVIDE (__etext, ABSOLUTE (.))
                [!provide]                        PROVIDE (_etext, ABSOLUTE (.))
                [!provide]                        PROVIDE (etext, ABSOLUTE (.))
 *(.eh_frame_hdr)
                0x000000000000aa64                . = ALIGN (0x4)
                [!provide]                        PROVIDE (__preinit_array_start, ABSOLUTE (.))
 *(.preinit_array)
                [!provide]                        PROVIDE (__preinit_array_end, ABSOLUTE (.))
                [!provide]                        PROVIDE (__init_array_start, ABSOLUTE (.))
 *(.init_array)
                [!provide]                        PROVIDE (__init_array_end, ABSOLUTE (.))
                [!provide]                        PROVIDE (__fini_array_start, ABSOLUTE (.))
 *(.fini_array)
                [!provide]                        PROVIDE (__fini_array_end, ABSOLUTE (.))
 *(.eh_frame)
 *(.gcc_except_table .gcc_except_table.*)
 *(.dynamic)
                0x000000000000aa64                PROVIDE (__CTOR_LIST__, ABSOLUTE (.))
 *(.ctors)
 *(SORT(.ctors.*))
                0x000000000000aa64                PROVIDE (__CTOR_END__, ABSOLUTE (.))
                0x000000000000aa64                PROVIDE (__DTOR_LIST__, ABSOLUTE (.))
 *(.dtors)
 *(SORT(.dtors.*))
                0x000000000000aa64                PROVIDE (__DTOR_END__, ABSOLUTE (.))
 *(.jcr)
                0x000000000000aa64                . = ALIGN (0x4)

.rodata         0x000000000000aa64       0xc0
                0x000000000000aa64                PROVIDE (__ram_rodata_start, ABSOLUTE (.))
                0x000000000000aa64                . = ALIGN (0x4)
 *(.rodata .rodata.* .gnu.linkonce.r.*)
 .rodata        0x000000000000aa64       0x88 obj/default/counter.o
 .rodata.str1.4
                0x000000000000aaec        0x4 c:/intelfpga_lite/18.1/nios2eds/bin/gnu/h-x86_64-mingw32/bin/../lib/gcc/nios2-elf/5.3.0/../../../../../H-x86_64-mingw32/nios2-elf/lib\libsmallc.a(lib_a-puts.o)
                                          0x2 (size before relaxing)
 .rodata        0x000000000000aaf0       0x11 ../nios2_advance_bsp/\libhal_bsp.a(alt_main.o)
 *fill*         0x000000000000ab01        0x3 
 .rodata        0x000000000000ab04       0x11 ../nios2_advance_bsp/\libhal_bsp.a(alt_sys_init.o)
 *fill*         0x000000000000ab15        0x3 
 .rodata        0x000000000000ab18        0xa ../nios2_advance_bsp/\libhal_bsp.a(alt_dev.o)
 *(.rodata1)
                0x000000000000ab24                . = ALIGN (0x4)
 *fill*         0x000000000000ab22        0x2 
                0x000000000000ab24                PROVIDE (__ram_rodata_end, ABSOLUTE (.))
                0x000000000000aa64                PROVIDE (__flash_rodata_start, LOADADDR (.rodata))

.rwdata         0x000000000000ab24      0x2e0 load address 0x000000000000ae04
                0x000000000000ab24                PROVIDE (__ram_rwdata_start, ABSOLUTE (.))
                0x000000000000ab24                . = ALIGN (0x4)
 *(.got.plt)
 *(.got)
 *(.data1)
 *(.data .data.* .gnu.linkonce.d.*)
 .data          0x000000000000ab24        0x0 ../nios2_advance_bsp//obj/HAL/src/crt0.o
 .data          0x000000000000ab24        0x0 obj/default/counter.o
 .data          0x000000000000ab24        0x0 c:/intelfpga_lite/18.1/nios2eds/bin/gnu/h-x86_64-mingw32/bin/../lib/gcc/nios2-elf/5.3.0/../../../../../H-x86_64-mingw32/nios2-elf/lib\libsmallc.a(lib_a-memcpy.o)
 .data          0x000000000000ab24        0x0 c:/intelfpga_lite/18.1/nios2eds/bin/gnu/h-x86_64-mingw32/bin/../lib/gcc/nios2-elf/5.3.0/../../../../../H-x86_64-mingw32/nios2-elf/lib\libsmallc.a(lib_a-printf.o)
 .data          0x000000000000ab24        0x0 c:/intelfpga_lite/18.1/nios2eds/bin/gnu/h-x86_64-mingw32/bin/../lib/gcc/nios2-elf/5.3.0/../../../../../H-x86_64-mingw32/nios2-elf/lib\libsmallc.a(lib_a-puts.o)
 .data          0x000000000000ab24        0x0 c:/intelfpga_lite/18.1/nios2eds/bin/gnu/h-x86_64-mingw32/bin/../lib/gcc/nios2-elf/5.3.0/../../../../../H-x86_64-mingw32/nios2-elf/lib\libsmallc.a(lib_a-strlen.o)
 .data          0x000000000000ab24        0x0 c:/intelfpga_lite/18.1/nios2eds/bin/gnu/h-x86_64-mingw32/bin/../lib/gcc/nios2-elf/5.3.0/../../../../../H-x86_64-mingw32/nios2-elf/lib\libsmallc.a(lib_a-vfprintf.o)
 .data          0x000000000000ab24        0x0 c:/intelfpga_lite/18.1/nios2eds/bin/gnu/h-x86_64-mingw32/bin/../lib/gcc/nios2-elf/5.3.0/../../../../../H-x86_64-mingw32/nios2-elf/lib\libsmallc.a(lib_a-fvwrite_small_dev.o)
 .data          0x000000000000ab24        0x0 c:/intelfpga_lite/18.1/nios2eds/bin/gnu/h-x86_64-mingw32/bin/../lib/gcc/nios2-elf/5.3.0/../../../../../H-x86_64-mingw32/nios2-elf/lib\libsmallc.a(lib_a-impure.o)
 .data.impure_data
                0x000000000000ab24       0xe0 c:/intelfpga_lite/18.1/nios2eds/bin/gnu/h-x86_64-mingw32/bin/../lib/gcc/nios2-elf/5.3.0/../../../../../H-x86_64-mingw32/nios2-elf/lib\libsmallc.a(lib_a-impure.o)
 .data          0x000000000000ac04        0x0 c:/intelfpga_lite/18.1/nios2eds/bin/gnu/h-x86_64-mingw32/bin/../lib/gcc/nios2-elf/5.3.0/../../../../../H-x86_64-mingw32/nios2-elf/lib\libsmallc.a(lib_a-writer.o)
 .data          0x000000000000ac04        0x0 c:/intelfpga_lite/18.1/nios2eds/bin/gnu/h-x86_64-mingw32/bin/../lib/gcc/nios2-elf/5.3.0/../../../../../H-x86_64-mingw32/nios2-elf/lib\libsmallc.a(lib_a-int_errno.o)
 .data          0x000000000000ac04        0x0 c:/intelfpga_lite/18.1/nios2eds/bin/gnu/h-x86_64-mingw32/bin/../lib/gcc/nios2-elf/5.3.0\libgcc.a(lib2-divmod.o)
 .data          0x000000000000ac04        0x0 ../nios2_advance_bsp/\libhal_bsp.a(alt_load.o)
 .data          0x000000000000ac04        0x0 ../nios2_advance_bsp/\libhal_bsp.a(alt_main.o)
 .data          0x000000000000ac04        0x0 ../nios2_advance_bsp/\libhal_bsp.a(alt_usleep.o)
 .data          0x000000000000ac04        0x0 ../nios2_advance_bsp/\libhal_bsp.a(alt_write.o)
 .data          0x000000000000ac04       0x2c ../nios2_advance_bsp/\libhal_bsp.a(alt_sys_init.o)
 .data          0x000000000000ac30        0x0 ../nios2_advance_bsp/\libhal_bsp.a(altera_avalon_jtag_uart_fd.o)
 .data          0x000000000000ac30        0x0 ../nios2_advance_bsp/\libhal_bsp.a(altera_avalon_jtag_uart_read.o)
 .data          0x000000000000ac30        0x0 ../nios2_advance_bsp/\libhal_bsp.a(altera_avalon_jtag_uart_write.o)
 .data          0x000000000000ac30        0x0 ../nios2_advance_bsp/\libhal_bsp.a(altera_avalon_timer_sc.o)
 .data          0x000000000000ac30        0x0 ../nios2_advance_bsp/\libhal_bsp.a(alt_busy_sleep.o)
 .data          0x000000000000ac30        0x0 ../nios2_advance_bsp/\libhal_bsp.a(alt_close.o)
 .data          0x000000000000ac30        0x0 ../nios2_advance_bsp/\libhal_bsp.a(alt_dcache_flush_all.o)
 .data          0x000000000000ac30      0x1a8 ../nios2_advance_bsp/\libhal_bsp.a(alt_dev.o)
                0x000000000000ac30                alt_dev_null
                0x000000000000ac58                alt_fd_list
 .data          0x000000000000add8        0x0 ../nios2_advance_bsp/\libhal_bsp.a(alt_dev_llist_insert.o)
 .data          0x000000000000add8        0x0 ../nios2_advance_bsp/\libhal_bsp.a(alt_do_ctors.o)
 .data          0x000000000000add8        0x0 ../nios2_advance_bsp/\libhal_bsp.a(alt_do_dtors.o)
 .data          0x000000000000add8        0x0 ../nios2_advance_bsp/\libhal_bsp.a(alt_errno.o)
 .data          0x000000000000add8        0x0 ../nios2_advance_bsp/\libhal_bsp.a(alt_icache_flush_all.o)
 .data          0x000000000000add8        0x0 ../nios2_advance_bsp/\libhal_bsp.a(alt_iic.o)
 .data          0x000000000000add8        0x0 ../nios2_advance_bsp/\libhal_bsp.a(alt_iic_isr_register.o)
 .data          0x000000000000add8        0x0 ../nios2_advance_bsp/\libhal_bsp.a(alt_io_redirect.o)
 .data          0x000000000000add8        0x0 ../nios2_advance_bsp/\libhal_bsp.a(alt_irq_entry.o)
 .data          0x000000000000add8        0x0 ../nios2_advance_bsp/\libhal_bsp.a(alt_irq_handler.o)
 .data          0x000000000000add8        0x0 ../nios2_advance_bsp/\libhal_bsp.a(alt_irq_vars.o)
 .data          0x000000000000add8        0x0 ../nios2_advance_bsp/\libhal_bsp.a(alt_open.o)
 .data          0x000000000000add8        0x0 ../nios2_advance_bsp/\libhal_bsp.a(alt_release_fd.o)
 .data          0x000000000000add8        0x0 ../nios2_advance_bsp/\libhal_bsp.a(alt_tick.o)
 .data          0x000000000000add8        0x0 ../nios2_advance_bsp/\libhal_bsp.a(altera_nios2_gen2_irq.o)
 .data          0x000000000000add8        0x0 ../nios2_advance_bsp/\libhal_bsp.a(alt_exception_entry.o)
 .data          0x000000000000add8        0x0 ../nios2_advance_bsp/\libhal_bsp.a(alt_find_dev.o)
 .data          0x000000000000add8        0x0 ../nios2_advance_bsp/\libhal_bsp.a(alt_find_file.o)
 .data          0x000000000000add8        0x0 ../nios2_advance_bsp/\libhal_bsp.a(alt_get_fd.o)
 .data          0x000000000000add8        0x0 ../nios2_advance_bsp/\libhal_bsp.a(alt_icache_flush.o)
 .data          0x000000000000add8        0x0 ../nios2_advance_bsp/\libhal_bsp.a(alt_instruction_exception_entry.o)
 .data          0x000000000000add8        0x0 c:/intelfpga_lite/18.1/nios2eds/bin/gnu/h-x86_64-mingw32/bin/../lib/gcc/nios2-elf/5.3.0/../../../../../H-x86_64-mingw32/nios2-elf/lib\libsmallc.a(lib_a-atexit.o)
 .data          0x000000000000add8        0x0 c:/intelfpga_lite/18.1/nios2eds/bin/gnu/h-x86_64-mingw32/bin/../lib/gcc/nios2-elf/5.3.0/../../../../../H-x86_64-mingw32/nios2-elf/lib\libsmallc.a(lib_a-exit.o)
 .data          0x000000000000add8        0x0 c:/intelfpga_lite/18.1/nios2eds/bin/gnu/h-x86_64-mingw32/bin/../lib/gcc/nios2-elf/5.3.0/../../../../../H-x86_64-mingw32/nios2-elf/lib\libsmallc.a(lib_a-memcmp.o)
 .data          0x000000000000add8        0x0 c:/intelfpga_lite/18.1/nios2eds/bin/gnu/h-x86_64-mingw32/bin/../lib/gcc/nios2-elf/5.3.0/../../../../../H-x86_64-mingw32/nios2-elf/lib\libsmallc.a(lib_a-__atexit.o)
 .data          0x000000000000add8        0x0 c:/intelfpga_lite/18.1/nios2eds/bin/gnu/h-x86_64-mingw32/bin/../lib/gcc/nios2-elf/5.3.0/../../../../../H-x86_64-mingw32/nios2-elf/lib\libsmallc.a(lib_a-__call_atexit.o)
 .data          0x000000000000add8        0x0 ../nios2_advance_bsp/\libhal_bsp.a(alt_exit.o)
                0x0000000000012dd8                _gp = ABSOLUTE ((. + 0x8000))
                [!provide]                        PROVIDE (gp, _gp)
 *(.rwdata .rwdata.*)
 *(.sdata .sdata.* .gnu.linkonce.s.*)
 .sdata._global_impure_ptr
                0x000000000000add8        0x4 c:/intelfpga_lite/18.1/nios2eds/bin/gnu/h-x86_64-mingw32/bin/../lib/gcc/nios2-elf/5.3.0/../../../../../H-x86_64-mingw32/nios2-elf/lib\libsmallc.a(lib_a-impure.o)
                0x000000000000add8                _global_impure_ptr
 .sdata._impure_ptr
                0x000000000000addc        0x4 c:/intelfpga_lite/18.1/nios2eds/bin/gnu/h-x86_64-mingw32/bin/../lib/gcc/nios2-elf/5.3.0/../../../../../H-x86_64-mingw32/nios2-elf/lib\libsmallc.a(lib_a-impure.o)
                0x000000000000addc                _impure_ptr
 .sdata         0x000000000000ade0       0x14 ../nios2_advance_bsp/\libhal_bsp.a(alt_dev.o)
                0x000000000000ade0                alt_fs_list
                0x000000000000ade8                alt_dev_list
                0x000000000000adf0                alt_max_fd
 .sdata         0x000000000000adf4        0x4 ../nios2_advance_bsp/\libhal_bsp.a(alt_errno.o)
                0x000000000000adf4                alt_errno
 .sdata         0x000000000000adf8        0x4 ../nios2_advance_bsp/\libhal_bsp.a(alt_irq_vars.o)
                0x000000000000adf8                alt_priority_mask
 .sdata         0x000000000000adfc        0x8 ../nios2_advance_bsp/\libhal_bsp.a(alt_tick.o)
                0x000000000000adfc                alt_alarm_list
 *(.sdata2 .sdata2.* .gnu.linkonce.s2.*)
                0x000000000000ae04                . = ALIGN (0x4)
                0x000000000000ae04                _edata = ABSOLUTE (.)
                [!provide]                        PROVIDE (edata, ABSOLUTE (.))
                0x000000000000ae04                PROVIDE (__ram_rwdata_end, ABSOLUTE (.))
                0x000000000000ae04                PROVIDE (__flash_rwdata_start, LOADADDR (.rwdata))

.bss            0x000000000000b0e4      0x120
                0x000000000000b0e4                __bss_start = ABSOLUTE (.)
                [!provide]                        PROVIDE (__sbss_start, ABSOLUTE (.))
                [!provide]                        PROVIDE (___sbss_start, ABSOLUTE (.))
 *(.dynsbss)
 *(.sbss .sbss.* .gnu.linkonce.sb.*)
 .sbss          0x000000000000b0e4        0x4 c:/intelfpga_lite/18.1/nios2eds/bin/gnu/h-x86_64-mingw32/bin/../lib/gcc/nios2-elf/5.3.0/../../../../../H-x86_64-mingw32/nios2-elf/lib\libsmallc.a(lib_a-int_errno.o)
                0x000000000000b0e4                errno
 .sbss          0x000000000000b0e8        0xc ../nios2_advance_bsp/\libhal_bsp.a(alt_main.o)
                0x000000000000b0e8                alt_argc
                0x000000000000b0ec                alt_argv
                0x000000000000b0f0                alt_envp
 .sbss          0x000000000000b0f4        0x4 ../nios2_advance_bsp/\libhal_bsp.a(alt_irq_vars.o)
                0x000000000000b0f4                alt_irq_active
 .sbss          0x000000000000b0f8        0x8 ../nios2_advance_bsp/\libhal_bsp.a(alt_tick.o)
                0x000000000000b0f8                _alt_tick_rate
                0x000000000000b0fc                _alt_nticks
 .sbss          0x000000000000b100        0x4 ../nios2_advance_bsp/\libhal_bsp.a(alt_instruction_exception_entry.o)
                0x000000000000b100                alt_instruction_exception_handler
 *(.sbss2 .sbss2.* .gnu.linkonce.sb2.*)
 *(.scommon)
                [!provide]                        PROVIDE (__sbss_end, ABSOLUTE (.))
                [!provide]                        PROVIDE (___sbss_end, ABSOLUTE (.))
 *(.dynbss)
 *(.bss .bss.* .gnu.linkonce.b.*)
 .bss           0x000000000000b104        0x0 ../nios2_advance_bsp//obj/HAL/src/crt0.o
 .bss           0x000000000000b104        0x0 obj/default/counter.o
 .bss           0x000000000000b104        0x0 c:/intelfpga_lite/18.1/nios2eds/bin/gnu/h-x86_64-mingw32/bin/../lib/gcc/nios2-elf/5.3.0/../../../../../H-x86_64-mingw32/nios2-elf/lib\libsmallc.a(lib_a-memcpy.o)
 .bss           0x000000000000b104        0x0 c:/intelfpga_lite/18.1/nios2eds/bin/gnu/h-x86_64-mingw32/bin/../lib/gcc/nios2-elf/5.3.0/../../../../../H-x86_64-mingw32/nios2-elf/lib\libsmallc.a(lib_a-printf.o)
 .bss           0x000000000000b104        0x0 c:/intelfpga_lite/18.1/nios2eds/bin/gnu/h-x86_64-mingw32/bin/../lib/gcc/nios2-elf/5.3.0/../../../../../H-x86_64-mingw32/nios2-elf/lib\libsmallc.a(lib_a-puts.o)
 .bss           0x000000000000b104        0x0 c:/intelfpga_lite/18.1/nios2eds/bin/gnu/h-x86_64-mingw32/bin/../lib/gcc/nios2-elf/5.3.0/../../../../../H-x86_64-mingw32/nios2-elf/lib\libsmallc.a(lib_a-strlen.o)
 .bss           0x000000000000b104        0x0 c:/intelfpga_lite/18.1/nios2eds/bin/gnu/h-x86_64-mingw32/bin/../lib/gcc/nios2-elf/5.3.0/../../../../../H-x86_64-mingw32/nios2-elf/lib\libsmallc.a(lib_a-vfprintf.o)
 .bss           0x000000000000b104        0x0 c:/intelfpga_lite/18.1/nios2eds/bin/gnu/h-x86_64-mingw32/bin/../lib/gcc/nios2-elf/5.3.0/../../../../../H-x86_64-mingw32/nios2-elf/lib\libsmallc.a(lib_a-fvwrite_small_dev.o)
 .bss           0x000000000000b104        0x0 c:/intelfpga_lite/18.1/nios2eds/bin/gnu/h-x86_64-mingw32/bin/../lib/gcc/nios2-elf/5.3.0/../../../../../H-x86_64-mingw32/nios2-elf/lib\libsmallc.a(lib_a-impure.o)
 .bss           0x000000000000b104        0x0 c:/intelfpga_lite/18.1/nios2eds/bin/gnu/h-x86_64-mingw32/bin/../lib/gcc/nios2-elf/5.3.0/../../../../../H-x86_64-mingw32/nios2-elf/lib\libsmallc.a(lib_a-writer.o)
 .bss           0x000000000000b104        0x0 c:/intelfpga_lite/18.1/nios2eds/bin/gnu/h-x86_64-mingw32/bin/../lib/gcc/nios2-elf/5.3.0/../../../../../H-x86_64-mingw32/nios2-elf/lib\libsmallc.a(lib_a-int_errno.o)
 .bss           0x000000000000b104        0x0 c:/intelfpga_lite/18.1/nios2eds/bin/gnu/h-x86_64-mingw32/bin/../lib/gcc/nios2-elf/5.3.0\libgcc.a(lib2-divmod.o)
 .bss           0x000000000000b104        0x0 ../nios2_advance_bsp/\libhal_bsp.a(alt_load.o)
 .bss           0x000000000000b104        0x0 ../nios2_advance_bsp/\libhal_bsp.a(alt_main.o)
 .bss           0x000000000000b104        0x0 ../nios2_advance_bsp/\libhal_bsp.a(alt_usleep.o)
 .bss           0x000000000000b104        0x0 ../nios2_advance_bsp/\libhal_bsp.a(alt_write.o)
 .bss           0x000000000000b104        0x0 ../nios2_advance_bsp/\libhal_bsp.a(alt_sys_init.o)
 .bss           0x000000000000b104        0x0 ../nios2_advance_bsp/\libhal_bsp.a(altera_avalon_jtag_uart_fd.o)
 .bss           0x000000000000b104        0x0 ../nios2_advance_bsp/\libhal_bsp.a(altera_avalon_jtag_uart_read.o)
 .bss           0x000000000000b104        0x0 ../nios2_advance_bsp/\libhal_bsp.a(altera_avalon_jtag_uart_write.o)
 .bss           0x000000000000b104        0x0 ../nios2_advance_bsp/\libhal_bsp.a(altera_avalon_timer_sc.o)
 .bss           0x000000000000b104        0x0 ../nios2_advance_bsp/\libhal_bsp.a(alt_busy_sleep.o)
 .bss           0x000000000000b104        0x0 ../nios2_advance_bsp/\libhal_bsp.a(alt_close.o)
 .bss           0x000000000000b104        0x0 ../nios2_advance_bsp/\libhal_bsp.a(alt_dcache_flush_all.o)
 .bss           0x000000000000b104        0x0 ../nios2_advance_bsp/\libhal_bsp.a(alt_dev.o)
 .bss           0x000000000000b104        0x0 ../nios2_advance_bsp/\libhal_bsp.a(alt_dev_llist_insert.o)
 .bss           0x000000000000b104        0x0 ../nios2_advance_bsp/\libhal_bsp.a(alt_do_ctors.o)
 .bss           0x000000000000b104        0x0 ../nios2_advance_bsp/\libhal_bsp.a(alt_do_dtors.o)
 .bss           0x000000000000b104        0x0 ../nios2_advance_bsp/\libhal_bsp.a(alt_errno.o)
 .bss           0x000000000000b104        0x0 ../nios2_advance_bsp/\libhal_bsp.a(alt_icache_flush_all.o)
 .bss           0x000000000000b104        0x0 ../nios2_advance_bsp/\libhal_bsp.a(alt_iic.o)
 .bss           0x000000000000b104        0x0 ../nios2_advance_bsp/\libhal_bsp.a(alt_iic_isr_register.o)
 .bss           0x000000000000b104        0x0 ../nios2_advance_bsp/\libhal_bsp.a(alt_io_redirect.o)
 .bss           0x000000000000b104        0x0 ../nios2_advance_bsp/\libhal_bsp.a(alt_irq_entry.o)
 .bss           0x000000000000b104        0x0 ../nios2_advance_bsp/\libhal_bsp.a(alt_irq_handler.o)
 .bss           0x000000000000b104        0x0 ../nios2_advance_bsp/\libhal_bsp.a(alt_irq_vars.o)
 .bss           0x000000000000b104        0x0 ../nios2_advance_bsp/\libhal_bsp.a(alt_open.o)
 .bss           0x000000000000b104        0x0 ../nios2_advance_bsp/\libhal_bsp.a(alt_release_fd.o)
 .bss           0x000000000000b104        0x0 ../nios2_advance_bsp/\libhal_bsp.a(alt_tick.o)
 .bss           0x000000000000b104        0x0 ../nios2_advance_bsp/\libhal_bsp.a(altera_nios2_gen2_irq.o)
 .bss           0x000000000000b104        0x0 ../nios2_advance_bsp/\libhal_bsp.a(alt_exception_entry.o)
 .bss           0x000000000000b104        0x0 ../nios2_advance_bsp/\libhal_bsp.a(alt_find_dev.o)
 .bss           0x000000000000b104        0x0 ../nios2_advance_bsp/\libhal_bsp.a(alt_find_file.o)
 .bss           0x000000000000b104        0x0 ../nios2_advance_bsp/\libhal_bsp.a(alt_get_fd.o)
 .bss           0x000000000000b104        0x0 ../nios2_advance_bsp/\libhal_bsp.a(alt_icache_flush.o)
 .bss           0x000000000000b104        0x0 ../nios2_advance_bsp/\libhal_bsp.a(alt_instruction_exception_entry.o)
 .bss           0x000000000000b104        0x0 c:/intelfpga_lite/18.1/nios2eds/bin/gnu/h-x86_64-mingw32/bin/../lib/gcc/nios2-elf/5.3.0/../../../../../H-x86_64-mingw32/nios2-elf/lib\libsmallc.a(lib_a-atexit.o)
 .bss           0x000000000000b104        0x0 c:/intelfpga_lite/18.1/nios2eds/bin/gnu/h-x86_64-mingw32/bin/../lib/gcc/nios2-elf/5.3.0/../../../../../H-x86_64-mingw32/nios2-elf/lib\libsmallc.a(lib_a-exit.o)
 .bss           0x000000000000b104        0x0 c:/intelfpga_lite/18.1/nios2eds/bin/gnu/h-x86_64-mingw32/bin/../lib/gcc/nios2-elf/5.3.0/../../../../../H-x86_64-mingw32/nios2-elf/lib\libsmallc.a(lib_a-memcmp.o)
 .bss           0x000000000000b104        0x0 c:/intelfpga_lite/18.1/nios2eds/bin/gnu/h-x86_64-mingw32/bin/../lib/gcc/nios2-elf/5.3.0/../../../../../H-x86_64-mingw32/nios2-elf/lib\libsmallc.a(lib_a-__atexit.o)
 .bss           0x000000000000b104        0x0 c:/intelfpga_lite/18.1/nios2eds/bin/gnu/h-x86_64-mingw32/bin/../lib/gcc/nios2-elf/5.3.0/../../../../../H-x86_64-mingw32/nios2-elf/lib\libsmallc.a(lib_a-__call_atexit.o)
 .bss           0x000000000000b104        0x0 ../nios2_advance_bsp/\libhal_bsp.a(alt_exit.o)
 *(COMMON)
 COMMON         0x000000000000b104      0x100 ../nios2_advance_bsp/\libhal_bsp.a(alt_irq_handler.o)
                0x000000000000b104                alt_irq
                0x000000000000b204                . = ALIGN (0x4)
                0x000000000000b204                __bss_end = ABSOLUTE (.)

.onchip_memory2_0
                0x000000000000b204        0x0
                [!provide]                        PROVIDE (_alt_partition_onchip_memory2_0_start, ABSOLUTE (.))
 *(.onchip_memory2_0 .onchip_memory2_0. onchip_memory2_0.*)
                0x000000000000b204                . = ALIGN (0x4)
                [!provide]                        PROVIDE (_alt_partition_onchip_memory2_0_end, ABSOLUTE (.))
                0x000000000000b204                _end = ABSOLUTE (.)
                0x000000000000b204                end = ABSOLUTE (.)
                0x000000000000b204                __alt_stack_base = ABSOLUTE (.)
                [!provide]                        PROVIDE (_alt_partition_onchip_memory2_0_load_addr, LOADADDR (.onchip_memory2_0))

.stab
 *(.stab)

.stabstr
 *(.stabstr)

.stab.excl
 *(.stab.excl)

.stab.exclstr
 *(.stab.exclstr)

.stab.index
 *(.stab.index)

.stab.indexstr
 *(.stab.indexstr)

.comment        0x0000000000000000       0x23
 *(.comment)
 .comment       0x0000000000000000       0x23 obj/default/counter.o
                                         0x24 (size before relaxing)
 .comment       0x0000000000000023       0x24 c:/intelfpga_lite/18.1/nios2eds/bin/gnu/h-x86_64-mingw32/bin/../lib/gcc/nios2-elf/5.3.0/../../../../../H-x86_64-mingw32/nios2-elf/lib\libsmallc.a(lib_a-memcpy.o)
 .comment       0x0000000000000023       0x24 c:/intelfpga_lite/18.1/nios2eds/bin/gnu/h-x86_64-mingw32/bin/../lib/gcc/nios2-elf/5.3.0/../../../../../H-x86_64-mingw32/nios2-elf/lib\libsmallc.a(lib_a-printf.o)
 .comment       0x0000000000000023       0x24 c:/intelfpga_lite/18.1/nios2eds/bin/gnu/h-x86_64-mingw32/bin/../lib/gcc/nios2-elf/5.3.0/../../../../../H-x86_64-mingw32/nios2-elf/lib\libsmallc.a(lib_a-puts.o)
 .comment       0x0000000000000023       0x24 c:/intelfpga_lite/18.1/nios2eds/bin/gnu/h-x86_64-mingw32/bin/../lib/gcc/nios2-elf/5.3.0/../../../../../H-x86_64-mingw32/nios2-elf/lib\libsmallc.a(lib_a-strlen.o)
 .comment       0x0000000000000023       0x24 c:/intelfpga_lite/18.1/nios2eds/bin/gnu/h-x86_64-mingw32/bin/../lib/gcc/nios2-elf/5.3.0/../../../../../H-x86_64-mingw32/nios2-elf/lib\libsmallc.a(lib_a-vfprintf.o)
 .comment       0x0000000000000023       0x24 c:/intelfpga_lite/18.1/nios2eds/bin/gnu/h-x86_64-mingw32/bin/../lib/gcc/nios2-elf/5.3.0/../../../../../H-x86_64-mingw32/nios2-elf/lib\libsmallc.a(lib_a-fvwrite_small_dev.o)
 .comment       0x0000000000000023       0x24 c:/intelfpga_lite/18.1/nios2eds/bin/gnu/h-x86_64-mingw32/bin/../lib/gcc/nios2-elf/5.3.0/../../../../../H-x86_64-mingw32/nios2-elf/lib\libsmallc.a(lib_a-impure.o)
 .comment       0x0000000000000023       0x24 c:/intelfpga_lite/18.1/nios2eds/bin/gnu/h-x86_64-mingw32/bin/../lib/gcc/nios2-elf/5.3.0/../../../../../H-x86_64-mingw32/nios2-elf/lib\libsmallc.a(lib_a-writer.o)
 .comment       0x0000000000000023       0x24 c:/intelfpga_lite/18.1/nios2eds/bin/gnu/h-x86_64-mingw32/bin/../lib/gcc/nios2-elf/5.3.0/../../../../../H-x86_64-mingw32/nios2-elf/lib\libsmallc.a(lib_a-int_errno.o)
 .comment       0x0000000000000023       0x24 c:/intelfpga_lite/18.1/nios2eds/bin/gnu/h-x86_64-mingw32/bin/../lib/gcc/nios2-elf/5.3.0\libgcc.a(lib2-divmod.o)
 .comment       0x0000000000000023       0x24 ../nios2_advance_bsp/\libhal_bsp.a(alt_load.o)
 .comment       0x0000000000000023       0x24 ../nios2_advance_bsp/\libhal_bsp.a(alt_main.o)
 .comment       0x0000000000000023       0x24 ../nios2_advance_bsp/\libhal_bsp.a(alt_usleep.o)
 .comment       0x0000000000000023       0x24 ../nios2_advance_bsp/\libhal_bsp.a(alt_write.o)
 .comment       0x0000000000000023       0x24 ../nios2_advance_bsp/\libhal_bsp.a(alt_sys_init.o)
 .comment       0x0000000000000023       0x24 ../nios2_advance_bsp/\libhal_bsp.a(altera_avalon_jtag_uart_fd.o)
 .comment       0x0000000000000023       0x24 ../nios2_advance_bsp/\libhal_bsp.a(altera_avalon_jtag_uart_read.o)
 .comment       0x0000000000000023       0x24 ../nios2_advance_bsp/\libhal_bsp.a(altera_avalon_jtag_uart_write.o)
 .comment       0x0000000000000023       0x24 ../nios2_advance_bsp/\libhal_bsp.a(altera_avalon_timer_sc.o)
 .comment       0x0000000000000023       0x24 ../nios2_advance_bsp/\libhal_bsp.a(alt_busy_sleep.o)
 .comment       0x0000000000000023       0x24 ../nios2_advance_bsp/\libhal_bsp.a(alt_close.o)
 .comment       0x0000000000000023       0x24 ../nios2_advance_bsp/\libhal_bsp.a(alt_dcache_flush_all.o)
 .comment       0x0000000000000023       0x24 ../nios2_advance_bsp/\libhal_bsp.a(alt_dev.o)
 .comment       0x0000000000000023       0x24 ../nios2_advance_bsp/\libhal_bsp.a(alt_dev_llist_insert.o)
 .comment       0x0000000000000023       0x24 ../nios2_advance_bsp/\libhal_bsp.a(alt_do_ctors.o)
 .comment       0x0000000000000023       0x24 ../nios2_advance_bsp/\libhal_bsp.a(alt_do_dtors.o)
 .comment       0x0000000000000023       0x24 ../nios2_advance_bsp/\libhal_bsp.a(alt_errno.o)
 .comment       0x0000000000000023       0x24 ../nios2_advance_bsp/\libhal_bsp.a(alt_icache_flush_all.o)
 .comment       0x0000000000000023       0x24 ../nios2_advance_bsp/\libhal_bsp.a(alt_iic.o)
 .comment       0x0000000000000023       0x24 ../nios2_advance_bsp/\libhal_bsp.a(alt_iic_isr_register.o)
 .comment       0x0000000000000023       0x24 ../nios2_advance_bsp/\libhal_bsp.a(alt_io_redirect.o)
 .comment       0x0000000000000023       0x24 ../nios2_advance_bsp/\libhal_bsp.a(alt_irq_handler.o)
 .comment       0x0000000000000023       0x24 ../nios2_advance_bsp/\libhal_bsp.a(alt_irq_vars.o)
 .comment       0x0000000000000023       0x24 ../nios2_advance_bsp/\libhal_bsp.a(alt_open.o)
 .comment       0x0000000000000023       0x24 ../nios2_advance_bsp/\libhal_bsp.a(alt_release_fd.o)
 .comment       0x0000000000000023       0x24 ../nios2_advance_bsp/\libhal_bsp.a(alt_tick.o)
 .comment       0x0000000000000023       0x24 ../nios2_advance_bsp/\libhal_bsp.a(altera_nios2_gen2_irq.o)
 .comment       0x0000000000000023       0x24 ../nios2_advance_bsp/\libhal_bsp.a(alt_find_dev.o)
 .comment       0x0000000000000023       0x24 ../nios2_advance_bsp/\libhal_bsp.a(alt_find_file.o)
 .comment       0x0000000000000023       0x24 ../nios2_advance_bsp/\libhal_bsp.a(alt_get_fd.o)
 .comment       0x0000000000000023       0x24 ../nios2_advance_bsp/\libhal_bsp.a(alt_icache_flush.o)
 .comment       0x0000000000000023       0x24 ../nios2_advance_bsp/\libhal_bsp.a(alt_instruction_exception_entry.o)
 .comment       0x0000000000000023       0x24 c:/intelfpga_lite/18.1/nios2eds/bin/gnu/h-x86_64-mingw32/bin/../lib/gcc/nios2-elf/5.3.0/../../../../../H-x86_64-mingw32/nios2-elf/lib\libsmallc.a(lib_a-atexit.o)
 .comment       0x0000000000000023       0x24 c:/intelfpga_lite/18.1/nios2eds/bin/gnu/h-x86_64-mingw32/bin/../lib/gcc/nios2-elf/5.3.0/../../../../../H-x86_64-mingw32/nios2-elf/lib\libsmallc.a(lib_a-exit.o)
 .comment       0x0000000000000023       0x24 c:/intelfpga_lite/18.1/nios2eds/bin/gnu/h-x86_64-mingw32/bin/../lib/gcc/nios2-elf/5.3.0/../../../../../H-x86_64-mingw32/nios2-elf/lib\libsmallc.a(lib_a-memcmp.o)
 .comment       0x0000000000000023       0x24 c:/intelfpga_lite/18.1/nios2eds/bin/gnu/h-x86_64-mingw32/bin/../lib/gcc/nios2-elf/5.3.0/../../../../../H-x86_64-mingw32/nios2-elf/lib\libsmallc.a(lib_a-__atexit.o)
 .comment       0x0000000000000023       0x24 c:/intelfpga_lite/18.1/nios2eds/bin/gnu/h-x86_64-mingw32/bin/../lib/gcc/nios2-elf/5.3.0/../../../../../H-x86_64-mingw32/nios2-elf/lib\libsmallc.a(lib_a-__call_atexit.o)
 .comment       0x0000000000000023       0x24 ../nios2_advance_bsp/\libhal_bsp.a(alt_exit.o)

.debug
 *(.debug)

.line
 *(.line)

.debug_srcinfo
 *(.debug_srcinfo)

.debug_sfnames
 *(.debug_sfnames)

.debug_aranges  0x0000000000000000      0x6b8
 *(.debug_aranges)
 .debug_aranges
                0x0000000000000000       0x28 ../nios2_advance_bsp//obj/HAL/src/crt0.o
 .debug_aranges
                0x0000000000000028       0x20 obj/default/counter.o
 .debug_aranges
                0x0000000000000048       0x20 c:/intelfpga_lite/18.1/nios2eds/bin/gnu/h-x86_64-mingw32/bin/../lib/gcc/nios2-elf/5.3.0/../../../../../H-x86_64-mingw32/nios2-elf/lib\libsmallc.a(lib_a-memcpy.o)
 .debug_aranges
                0x0000000000000068       0x28 c:/intelfpga_lite/18.1/nios2eds/bin/gnu/h-x86_64-mingw32/bin/../lib/gcc/nios2-elf/5.3.0/../../../../../H-x86_64-mingw32/nios2-elf/lib\libsmallc.a(lib_a-printf.o)
 .debug_aranges
                0x0000000000000090       0x28 c:/intelfpga_lite/18.1/nios2eds/bin/gnu/h-x86_64-mingw32/bin/../lib/gcc/nios2-elf/5.3.0/../../../../../H-x86_64-mingw32/nios2-elf/lib\libsmallc.a(lib_a-puts.o)
 .debug_aranges
                0x00000000000000b8       0x20 c:/intelfpga_lite/18.1/nios2eds/bin/gnu/h-x86_64-mingw32/bin/../lib/gcc/nios2-elf/5.3.0/../../../../../H-x86_64-mingw32/nios2-elf/lib\libsmallc.a(lib_a-strlen.o)
 .debug_aranges
                0x00000000000000d8       0x30 c:/intelfpga_lite/18.1/nios2eds/bin/gnu/h-x86_64-mingw32/bin/../lib/gcc/nios2-elf/5.3.0/../../../../../H-x86_64-mingw32/nios2-elf/lib\libsmallc.a(lib_a-vfprintf.o)
 .debug_aranges
                0x0000000000000108       0x20 c:/intelfpga_lite/18.1/nios2eds/bin/gnu/h-x86_64-mingw32/bin/../lib/gcc/nios2-elf/5.3.0/../../../../../H-x86_64-mingw32/nios2-elf/lib\libsmallc.a(lib_a-fvwrite_small_dev.o)
 .debug_aranges
                0x0000000000000128       0x18 c:/intelfpga_lite/18.1/nios2eds/bin/gnu/h-x86_64-mingw32/bin/../lib/gcc/nios2-elf/5.3.0/../../../../../H-x86_64-mingw32/nios2-elf/lib\libsmallc.a(lib_a-impure.o)
 .debug_aranges
                0x0000000000000140       0x20 c:/intelfpga_lite/18.1/nios2eds/bin/gnu/h-x86_64-mingw32/bin/../lib/gcc/nios2-elf/5.3.0/../../../../../H-x86_64-mingw32/nios2-elf/lib\libsmallc.a(lib_a-writer.o)
 .debug_aranges
                0x0000000000000160       0x18 c:/intelfpga_lite/18.1/nios2eds/bin/gnu/h-x86_64-mingw32/bin/../lib/gcc/nios2-elf/5.3.0/../../../../../H-x86_64-mingw32/nios2-elf/lib\libsmallc.a(lib_a-int_errno.o)
 .debug_aranges
                0x0000000000000178       0x20 c:/intelfpga_lite/18.1/nios2eds/bin/gnu/h-x86_64-mingw32/bin/../lib/gcc/nios2-elf/5.3.0\libgcc.a(lib2-divmod.o)
 .debug_aranges
                0x0000000000000198       0x20 ../nios2_advance_bsp/\libhal_bsp.a(alt_load.o)
 .debug_aranges
                0x00000000000001b8       0x20 ../nios2_advance_bsp/\libhal_bsp.a(alt_main.o)
 .debug_aranges
                0x00000000000001d8       0x20 ../nios2_advance_bsp/\libhal_bsp.a(alt_usleep.o)
 .debug_aranges
                0x00000000000001f8       0x20 ../nios2_advance_bsp/\libhal_bsp.a(alt_write.o)
 .debug_aranges
                0x0000000000000218       0x20 ../nios2_advance_bsp/\libhal_bsp.a(alt_sys_init.o)
 .debug_aranges
                0x0000000000000238       0x20 ../nios2_advance_bsp/\libhal_bsp.a(altera_avalon_jtag_uart_fd.o)
 .debug_aranges
                0x0000000000000258       0x20 ../nios2_advance_bsp/\libhal_bsp.a(altera_avalon_jtag_uart_read.o)
 .debug_aranges
                0x0000000000000278       0x20 ../nios2_advance_bsp/\libhal_bsp.a(altera_avalon_jtag_uart_write.o)
 .debug_aranges
                0x0000000000000298       0x20 ../nios2_advance_bsp/\libhal_bsp.a(altera_avalon_timer_sc.o)
 .debug_aranges
                0x00000000000002b8       0x20 ../nios2_advance_bsp/\libhal_bsp.a(alt_busy_sleep.o)
 .debug_aranges
                0x00000000000002d8       0x20 ../nios2_advance_bsp/\libhal_bsp.a(alt_close.o)
 .debug_aranges
                0x00000000000002f8       0x20 ../nios2_advance_bsp/\libhal_bsp.a(alt_dcache_flush_all.o)
 .debug_aranges
                0x0000000000000318       0x20 ../nios2_advance_bsp/\libhal_bsp.a(alt_dev.o)
 .debug_aranges
                0x0000000000000338       0x20 ../nios2_advance_bsp/\libhal_bsp.a(alt_dev_llist_insert.o)
 .debug_aranges
                0x0000000000000358       0x20 ../nios2_advance_bsp/\libhal_bsp.a(alt_do_ctors.o)
 .debug_aranges
                0x0000000000000378       0x20 ../nios2_advance_bsp/\libhal_bsp.a(alt_do_dtors.o)
 .debug_aranges
                0x0000000000000398       0x18 ../nios2_advance_bsp/\libhal_bsp.a(alt_errno.o)
 .debug_aranges
                0x00000000000003b0       0x20 ../nios2_advance_bsp/\libhal_bsp.a(alt_icache_flush_all.o)
 .debug_aranges
                0x00000000000003d0       0x20 ../nios2_advance_bsp/\libhal_bsp.a(alt_iic.o)
 .debug_aranges
                0x00000000000003f0       0x20 ../nios2_advance_bsp/\libhal_bsp.a(alt_iic_isr_register.o)
 .debug_aranges
                0x0000000000000410       0x20 ../nios2_advance_bsp/\libhal_bsp.a(alt_io_redirect.o)
 .debug_aranges
                0x0000000000000430       0x30 ../nios2_advance_bsp/\libhal_bsp.a(alt_irq_entry.o)
 .debug_aranges
                0x0000000000000460       0x20 ../nios2_advance_bsp/\libhal_bsp.a(alt_irq_handler.o)
 .debug_aranges
                0x0000000000000480       0x18 ../nios2_advance_bsp/\libhal_bsp.a(alt_irq_vars.o)
 .debug_aranges
                0x0000000000000498       0x20 ../nios2_advance_bsp/\libhal_bsp.a(alt_open.o)
 .debug_aranges
                0x00000000000004b8       0x20 ../nios2_advance_bsp/\libhal_bsp.a(alt_release_fd.o)
 .debug_aranges
                0x00000000000004d8       0x20 ../nios2_advance_bsp/\libhal_bsp.a(alt_tick.o)
 .debug_aranges
                0x00000000000004f8       0x20 ../nios2_advance_bsp/\libhal_bsp.a(altera_nios2_gen2_irq.o)
 .debug_aranges
                0x0000000000000518       0x38 ../nios2_advance_bsp/\libhal_bsp.a(alt_exception_entry.o)
 .debug_aranges
                0x0000000000000550       0x20 ../nios2_advance_bsp/\libhal_bsp.a(alt_find_dev.o)
 .debug_aranges
                0x0000000000000570       0x20 ../nios2_advance_bsp/\libhal_bsp.a(alt_find_file.o)
 .debug_aranges
                0x0000000000000590       0x20 ../nios2_advance_bsp/\libhal_bsp.a(alt_get_fd.o)
 .debug_aranges
                0x00000000000005b0       0x20 ../nios2_advance_bsp/\libhal_bsp.a(alt_icache_flush.o)
 .debug_aranges
                0x00000000000005d0       0x28 ../nios2_advance_bsp/\libhal_bsp.a(alt_instruction_exception_entry.o)
 .debug_aranges
                0x00000000000005f8       0x20 c:/intelfpga_lite/18.1/nios2eds/bin/gnu/h-x86_64-mingw32/bin/../lib/gcc/nios2-elf/5.3.0/../../../../../H-x86_64-mingw32/nios2-elf/lib\libsmallc.a(lib_a-atexit.o)
 .debug_aranges
                0x0000000000000618       0x20 c:/intelfpga_lite/18.1/nios2eds/bin/gnu/h-x86_64-mingw32/bin/../lib/gcc/nios2-elf/5.3.0/../../../../../H-x86_64-mingw32/nios2-elf/lib\libsmallc.a(lib_a-exit.o)
 .debug_aranges
                0x0000000000000638       0x20 c:/intelfpga_lite/18.1/nios2eds/bin/gnu/h-x86_64-mingw32/bin/../lib/gcc/nios2-elf/5.3.0/../../../../../H-x86_64-mingw32/nios2-elf/lib\libsmallc.a(lib_a-memcmp.o)
 .debug_aranges
                0x0000000000000658       0x20 c:/intelfpga_lite/18.1/nios2eds/bin/gnu/h-x86_64-mingw32/bin/../lib/gcc/nios2-elf/5.3.0/../../../../../H-x86_64-mingw32/nios2-elf/lib\libsmallc.a(lib_a-__atexit.o)
 .debug_aranges
                0x0000000000000678       0x20 c:/intelfpga_lite/18.1/nios2eds/bin/gnu/h-x86_64-mingw32/bin/../lib/gcc/nios2-elf/5.3.0/../../../../../H-x86_64-mingw32/nios2-elf/lib\libsmallc.a(lib_a-__call_atexit.o)
 .debug_aranges
                0x0000000000000698       0x20 ../nios2_advance_bsp/\libhal_bsp.a(alt_exit.o)

.debug_pubnames
 *(.debug_pubnames)

.debug_info     0x0000000000000000     0x86d2
 *(.debug_info .gnu.linkonce.wi.*)
 .debug_info    0x0000000000000000       0xa6 ../nios2_advance_bsp//obj/HAL/src/crt0.o
 .debug_info    0x00000000000000a6      0x1be obj/default/counter.o
 .debug_info    0x0000000000000264      0x119 c:/intelfpga_lite/18.1/nios2eds/bin/gnu/h-x86_64-mingw32/bin/../lib/gcc/nios2-elf/5.3.0/../../../../../H-x86_64-mingw32/nios2-elf/lib\libsmallc.a(lib_a-memcpy.o)
 .debug_info    0x000000000000037d      0x699 c:/intelfpga_lite/18.1/nios2eds/bin/gnu/h-x86_64-mingw32/bin/../lib/gcc/nios2-elf/5.3.0/../../../../../H-x86_64-mingw32/nios2-elf/lib\libsmallc.a(lib_a-printf.o)
 .debug_info    0x0000000000000a16      0x66d c:/intelfpga_lite/18.1/nios2eds/bin/gnu/h-x86_64-mingw32/bin/../lib/gcc/nios2-elf/5.3.0/../../../../../H-x86_64-mingw32/nios2-elf/lib\libsmallc.a(lib_a-puts.o)
 .debug_info    0x0000000000001083       0xc9 c:/intelfpga_lite/18.1/nios2eds/bin/gnu/h-x86_64-mingw32/bin/../lib/gcc/nios2-elf/5.3.0/../../../../../H-x86_64-mingw32/nios2-elf/lib\libsmallc.a(lib_a-strlen.o)
 .debug_info    0x000000000000114c      0xb2b c:/intelfpga_lite/18.1/nios2eds/bin/gnu/h-x86_64-mingw32/bin/../lib/gcc/nios2-elf/5.3.0/../../../../../H-x86_64-mingw32/nios2-elf/lib\libsmallc.a(lib_a-vfprintf.o)
 .debug_info    0x0000000000001c77      0x62b c:/intelfpga_lite/18.1/nios2eds/bin/gnu/h-x86_64-mingw32/bin/../lib/gcc/nios2-elf/5.3.0/../../../../../H-x86_64-mingw32/nios2-elf/lib\libsmallc.a(lib_a-fvwrite_small_dev.o)
 .debug_info    0x00000000000022a2      0x5a9 c:/intelfpga_lite/18.1/nios2eds/bin/gnu/h-x86_64-mingw32/bin/../lib/gcc/nios2-elf/5.3.0/../../../../../H-x86_64-mingw32/nios2-elf/lib\libsmallc.a(lib_a-impure.o)
 .debug_info    0x000000000000284b      0x630 c:/intelfpga_lite/18.1/nios2eds/bin/gnu/h-x86_64-mingw32/bin/../lib/gcc/nios2-elf/5.3.0/../../../../../H-x86_64-mingw32/nios2-elf/lib\libsmallc.a(lib_a-writer.o)
 .debug_info    0x0000000000002e7b       0x8a c:/intelfpga_lite/18.1/nios2eds/bin/gnu/h-x86_64-mingw32/bin/../lib/gcc/nios2-elf/5.3.0/../../../../../H-x86_64-mingw32/nios2-elf/lib\libsmallc.a(lib_a-int_errno.o)
 .debug_info    0x0000000000002f05      0x2c6 c:/intelfpga_lite/18.1/nios2eds/bin/gnu/h-x86_64-mingw32/bin/../lib/gcc/nios2-elf/5.3.0\libgcc.a(lib2-divmod.o)
 .debug_info    0x00000000000031cb      0x145 ../nios2_advance_bsp/\libhal_bsp.a(alt_load.o)
 .debug_info    0x0000000000003310      0x131 ../nios2_advance_bsp/\libhal_bsp.a(alt_main.o)
 .debug_info    0x0000000000003441       0xb0 ../nios2_advance_bsp/\libhal_bsp.a(alt_usleep.o)
 .debug_info    0x00000000000034f1      0x4b7 ../nios2_advance_bsp/\libhal_bsp.a(alt_write.o)
 .debug_info    0x00000000000039a8      0x3df ../nios2_advance_bsp/\libhal_bsp.a(alt_sys_init.o)
 .debug_info    0x0000000000003d87      0x3a7 ../nios2_advance_bsp/\libhal_bsp.a(altera_avalon_jtag_uart_fd.o)
 .debug_info    0x000000000000412e      0x1b2 ../nios2_advance_bsp/\libhal_bsp.a(altera_avalon_jtag_uart_read.o)
 .debug_info    0x00000000000042e0      0x195 ../nios2_advance_bsp/\libhal_bsp.a(altera_avalon_jtag_uart_write.o)
 .debug_info    0x0000000000004475      0x226 ../nios2_advance_bsp/\libhal_bsp.a(altera_avalon_timer_sc.o)
 .debug_info    0x000000000000469b       0xd7 ../nios2_advance_bsp/\libhal_bsp.a(alt_busy_sleep.o)
 .debug_info    0x0000000000004772      0x321 ../nios2_advance_bsp/\libhal_bsp.a(alt_close.o)
 .debug_info    0x0000000000004a93       0xa5 ../nios2_advance_bsp/\libhal_bsp.a(alt_dcache_flush_all.o)
 .debug_info    0x0000000000004b38      0x49c ../nios2_advance_bsp/\libhal_bsp.a(alt_dev.o)
 .debug_info    0x0000000000004fd4      0x1a9 ../nios2_advance_bsp/\libhal_bsp.a(alt_dev_llist_insert.o)
 .debug_info    0x000000000000517d       0x83 ../nios2_advance_bsp/\libhal_bsp.a(alt_do_ctors.o)
 .debug_info    0x0000000000005200       0x83 ../nios2_advance_bsp/\libhal_bsp.a(alt_do_dtors.o)
 .debug_info    0x0000000000005283       0xa6 ../nios2_advance_bsp/\libhal_bsp.a(alt_errno.o)
 .debug_info    0x0000000000005329       0x92 ../nios2_advance_bsp/\libhal_bsp.a(alt_icache_flush_all.o)
 .debug_info    0x00000000000053bb      0x350 ../nios2_advance_bsp/\libhal_bsp.a(alt_iic.o)
 .debug_info    0x000000000000570b      0x1ef ../nios2_advance_bsp/\libhal_bsp.a(alt_iic_isr_register.o)
 .debug_info    0x00000000000058fa      0x4a5 ../nios2_advance_bsp/\libhal_bsp.a(alt_io_redirect.o)
 .debug_info    0x0000000000005d9f       0xaf ../nios2_advance_bsp/\libhal_bsp.a(alt_irq_entry.o)
 .debug_info    0x0000000000005e4e      0x187 ../nios2_advance_bsp/\libhal_bsp.a(alt_irq_handler.o)
 .debug_info    0x0000000000005fd5       0x88 ../nios2_advance_bsp/\libhal_bsp.a(alt_irq_vars.o)
 .debug_info    0x000000000000605d      0x3bb ../nios2_advance_bsp/\libhal_bsp.a(alt_open.o)
 .debug_info    0x0000000000006418      0x2b0 ../nios2_advance_bsp/\libhal_bsp.a(alt_release_fd.o)
 .debug_info    0x00000000000066c8      0x299 ../nios2_advance_bsp/\libhal_bsp.a(alt_tick.o)
 .debug_info    0x0000000000006961       0x92 ../nios2_advance_bsp/\libhal_bsp.a(altera_nios2_gen2_irq.o)
 .debug_info    0x00000000000069f3       0xb5 ../nios2_advance_bsp/\libhal_bsp.a(alt_exception_entry.o)
 .debug_info    0x0000000000006aa8      0x2e9 ../nios2_advance_bsp/\libhal_bsp.a(alt_find_dev.o)
 .debug_info    0x0000000000006d91      0x2e6 ../nios2_advance_bsp/\libhal_bsp.a(alt_find_file.o)
 .debug_info    0x0000000000007077      0x310 ../nios2_advance_bsp/\libhal_bsp.a(alt_get_fd.o)
 .debug_info    0x0000000000007387       0xdc ../nios2_advance_bsp/\libhal_bsp.a(alt_icache_flush.o)
 .debug_info    0x0000000000007463      0x1e7 ../nios2_advance_bsp/\libhal_bsp.a(alt_instruction_exception_entry.o)
 .debug_info    0x000000000000764a       0xfe c:/intelfpga_lite/18.1/nios2eds/bin/gnu/h-x86_64-mingw32/bin/../lib/gcc/nios2-elf/5.3.0/../../../../../H-x86_64-mingw32/nios2-elf/lib\libsmallc.a(lib_a-atexit.o)
 .debug_info    0x0000000000007748       0xe5 c:/intelfpga_lite/18.1/nios2eds/bin/gnu/h-x86_64-mingw32/bin/../lib/gcc/nios2-elf/5.3.0/../../../../../H-x86_64-mingw32/nios2-elf/lib\libsmallc.a(lib_a-exit.o)
 .debug_info    0x000000000000782d       0xf4 c:/intelfpga_lite/18.1/nios2eds/bin/gnu/h-x86_64-mingw32/bin/../lib/gcc/nios2-elf/5.3.0/../../../../../H-x86_64-mingw32/nios2-elf/lib\libsmallc.a(lib_a-memcmp.o)
 .debug_info    0x0000000000007921      0x64a c:/intelfpga_lite/18.1/nios2eds/bin/gnu/h-x86_64-mingw32/bin/../lib/gcc/nios2-elf/5.3.0/../../../../../H-x86_64-mingw32/nios2-elf/lib\libsmallc.a(lib_a-__atexit.o)
 .debug_info    0x0000000000007f6b      0x67b c:/intelfpga_lite/18.1/nios2eds/bin/gnu/h-x86_64-mingw32/bin/../lib/gcc/nios2-elf/5.3.0/../../../../../H-x86_64-mingw32/nios2-elf/lib\libsmallc.a(lib_a-__call_atexit.o)
 .debug_info    0x00000000000085e6       0xec ../nios2_advance_bsp/\libhal_bsp.a(alt_exit.o)

.debug_abbrev   0x0000000000000000     0x2fb3
 *(.debug_abbrev)
 .debug_abbrev  0x0000000000000000       0x12 ../nios2_advance_bsp//obj/HAL/src/crt0.o
 .debug_abbrev  0x0000000000000012       0xcf obj/default/counter.o
 .debug_abbrev  0x00000000000000e1       0x9c c:/intelfpga_lite/18.1/nios2eds/bin/gnu/h-x86_64-mingw32/bin/../lib/gcc/nios2-elf/5.3.0/../../../../../H-x86_64-mingw32/nios2-elf/lib\libsmallc.a(lib_a-memcpy.o)
 .debug_abbrev  0x000000000000017d      0x1ee c:/intelfpga_lite/18.1/nios2eds/bin/gnu/h-x86_64-mingw32/bin/../lib/gcc/nios2-elf/5.3.0/../../../../../H-x86_64-mingw32/nios2-elf/lib\libsmallc.a(lib_a-printf.o)
 .debug_abbrev  0x000000000000036b      0x1d6 c:/intelfpga_lite/18.1/nios2eds/bin/gnu/h-x86_64-mingw32/bin/../lib/gcc/nios2-elf/5.3.0/../../../../../H-x86_64-mingw32/nios2-elf/lib\libsmallc.a(lib_a-puts.o)
 .debug_abbrev  0x0000000000000541       0x7f c:/intelfpga_lite/18.1/nios2eds/bin/gnu/h-x86_64-mingw32/bin/../lib/gcc/nios2-elf/5.3.0/../../../../../H-x86_64-mingw32/nios2-elf/lib\libsmallc.a(lib_a-strlen.o)
 .debug_abbrev  0x00000000000005c0      0x2a1 c:/intelfpga_lite/18.1/nios2eds/bin/gnu/h-x86_64-mingw32/bin/../lib/gcc/nios2-elf/5.3.0/../../../../../H-x86_64-mingw32/nios2-elf/lib\libsmallc.a(lib_a-vfprintf.o)
 .debug_abbrev  0x0000000000000861      0x1bc c:/intelfpga_lite/18.1/nios2eds/bin/gnu/h-x86_64-mingw32/bin/../lib/gcc/nios2-elf/5.3.0/../../../../../H-x86_64-mingw32/nios2-elf/lib\libsmallc.a(lib_a-fvwrite_small_dev.o)
 .debug_abbrev  0x0000000000000a1d      0x14a c:/intelfpga_lite/18.1/nios2eds/bin/gnu/h-x86_64-mingw32/bin/../lib/gcc/nios2-elf/5.3.0/../../../../../H-x86_64-mingw32/nios2-elf/lib\libsmallc.a(lib_a-impure.o)
 .debug_abbrev  0x0000000000000b67      0x1a6 c:/intelfpga_lite/18.1/nios2eds/bin/gnu/h-x86_64-mingw32/bin/../lib/gcc/nios2-elf/5.3.0/../../../../../H-x86_64-mingw32/nios2-elf/lib\libsmallc.a(lib_a-writer.o)
 .debug_abbrev  0x0000000000000d0d       0x37 c:/intelfpga_lite/18.1/nios2eds/bin/gnu/h-x86_64-mingw32/bin/../lib/gcc/nios2-elf/5.3.0/../../../../../H-x86_64-mingw32/nios2-elf/lib\libsmallc.a(lib_a-int_errno.o)
 .debug_abbrev  0x0000000000000d44      0x10e c:/intelfpga_lite/18.1/nios2eds/bin/gnu/h-x86_64-mingw32/bin/../lib/gcc/nios2-elf/5.3.0\libgcc.a(lib2-divmod.o)
 .debug_abbrev  0x0000000000000e52       0x9f ../nios2_advance_bsp/\libhal_bsp.a(alt_load.o)
 .debug_abbrev  0x0000000000000ef1       0xba ../nios2_advance_bsp/\libhal_bsp.a(alt_main.o)
 .debug_abbrev  0x0000000000000fab       0x60 ../nios2_advance_bsp/\libhal_bsp.a(alt_usleep.o)
 .debug_abbrev  0x000000000000100b      0x133 ../nios2_advance_bsp/\libhal_bsp.a(alt_write.o)
 .debug_abbrev  0x000000000000113e      0x157 ../nios2_advance_bsp/\libhal_bsp.a(alt_sys_init.o)
 .debug_abbrev  0x0000000000001295       0xf7 ../nios2_advance_bsp/\libhal_bsp.a(altera_avalon_jtag_uart_fd.o)
 .debug_abbrev  0x000000000000138c       0xd5 ../nios2_advance_bsp/\libhal_bsp.a(altera_avalon_jtag_uart_read.o)
 .debug_abbrev  0x0000000000001461       0xd5 ../nios2_advance_bsp/\libhal_bsp.a(altera_avalon_jtag_uart_write.o)
 .debug_abbrev  0x0000000000001536      0x155 ../nios2_advance_bsp/\libhal_bsp.a(altera_avalon_timer_sc.o)
 .debug_abbrev  0x000000000000168b       0x7e ../nios2_advance_bsp/\libhal_bsp.a(alt_busy_sleep.o)
 .debug_abbrev  0x0000000000001709      0x11f ../nios2_advance_bsp/\libhal_bsp.a(alt_close.o)
 .debug_abbrev  0x0000000000001828       0x5a ../nios2_advance_bsp/\libhal_bsp.a(alt_dcache_flush_all.o)
 .debug_abbrev  0x0000000000001882       0xd9 ../nios2_advance_bsp/\libhal_bsp.a(alt_dev.o)
 .debug_abbrev  0x000000000000195b      0x114 ../nios2_advance_bsp/\libhal_bsp.a(alt_dev_llist_insert.o)
 .debug_abbrev  0x0000000000001a6f       0x79 ../nios2_advance_bsp/\libhal_bsp.a(alt_do_ctors.o)
 .debug_abbrev  0x0000000000001ae8       0x79 ../nios2_advance_bsp/\libhal_bsp.a(alt_do_dtors.o)
 .debug_abbrev  0x0000000000001b61       0x5a ../nios2_advance_bsp/\libhal_bsp.a(alt_errno.o)
 .debug_abbrev  0x0000000000001bbb       0x42 ../nios2_advance_bsp/\libhal_bsp.a(alt_icache_flush_all.o)
 .debug_abbrev  0x0000000000001bfd      0x163 ../nios2_advance_bsp/\libhal_bsp.a(alt_iic.o)
 .debug_abbrev  0x0000000000001d60      0x169 ../nios2_advance_bsp/\libhal_bsp.a(alt_iic_isr_register.o)
 .debug_abbrev  0x0000000000001ec9      0x114 ../nios2_advance_bsp/\libhal_bsp.a(alt_io_redirect.o)
 .debug_abbrev  0x0000000000001fdd       0x12 ../nios2_advance_bsp/\libhal_bsp.a(alt_irq_entry.o)
 .debug_abbrev  0x0000000000001fef      0x122 ../nios2_advance_bsp/\libhal_bsp.a(alt_irq_handler.o)
 .debug_abbrev  0x0000000000002111       0x40 ../nios2_advance_bsp/\libhal_bsp.a(alt_irq_vars.o)
 .debug_abbrev  0x0000000000002151      0x148 ../nios2_advance_bsp/\libhal_bsp.a(alt_open.o)
 .debug_abbrev  0x0000000000002299       0xde ../nios2_advance_bsp/\libhal_bsp.a(alt_release_fd.o)
 .debug_abbrev  0x0000000000002377      0x15a ../nios2_advance_bsp/\libhal_bsp.a(alt_tick.o)
 .debug_abbrev  0x00000000000024d1       0x42 ../nios2_advance_bsp/\libhal_bsp.a(altera_nios2_gen2_irq.o)
 .debug_abbrev  0x0000000000002513       0x12 ../nios2_advance_bsp/\libhal_bsp.a(alt_exception_entry.o)
 .debug_abbrev  0x0000000000002525       0xf0 ../nios2_advance_bsp/\libhal_bsp.a(alt_find_dev.o)
 .debug_abbrev  0x0000000000002615       0xf0 ../nios2_advance_bsp/\libhal_bsp.a(alt_find_file.o)
 .debug_abbrev  0x0000000000002705      0x10d ../nios2_advance_bsp/\libhal_bsp.a(alt_get_fd.o)
 .debug_abbrev  0x0000000000002812       0x8c ../nios2_advance_bsp/\libhal_bsp.a(alt_icache_flush.o)
 .debug_abbrev  0x000000000000289e       0xdc ../nios2_advance_bsp/\libhal_bsp.a(alt_instruction_exception_entry.o)
 .debug_abbrev  0x000000000000297a       0xaa c:/intelfpga_lite/18.1/nios2eds/bin/gnu/h-x86_64-mingw32/bin/../lib/gcc/nios2-elf/5.3.0/../../../../../H-x86_64-mingw32/nios2-elf/lib\libsmallc.a(lib_a-atexit.o)
 .debug_abbrev  0x0000000000002a24       0x8b c:/intelfpga_lite/18.1/nios2eds/bin/gnu/h-x86_64-mingw32/bin/../lib/gcc/nios2-elf/5.3.0/../../../../../H-x86_64-mingw32/nios2-elf/lib\libsmallc.a(lib_a-exit.o)
 .debug_abbrev  0x0000000000002aaf       0x7f c:/intelfpga_lite/18.1/nios2eds/bin/gnu/h-x86_64-mingw32/bin/../lib/gcc/nios2-elf/5.3.0/../../../../../H-x86_64-mingw32/nios2-elf/lib\libsmallc.a(lib_a-memcmp.o)
 .debug_abbrev  0x0000000000002b2e      0x1e6 c:/intelfpga_lite/18.1/nios2eds/bin/gnu/h-x86_64-mingw32/bin/../lib/gcc/nios2-elf/5.3.0/../../../../../H-x86_64-mingw32/nios2-elf/lib\libsmallc.a(lib_a-__atexit.o)
 .debug_abbrev  0x0000000000002d14      0x1f6 c:/intelfpga_lite/18.1/nios2eds/bin/gnu/h-x86_64-mingw32/bin/../lib/gcc/nios2-elf/5.3.0/../../../../../H-x86_64-mingw32/nios2-elf/lib\libsmallc.a(lib_a-__call_atexit.o)
 .debug_abbrev  0x0000000000002f0a       0xa9 ../nios2_advance_bsp/\libhal_bsp.a(alt_exit.o)

.debug_line     0x0000000000000000     0x3441
 *(.debug_line)
 .debug_line    0x0000000000000000       0x72 ../nios2_advance_bsp//obj/HAL/src/crt0.o
 .debug_line    0x0000000000000072       0xb8 obj/default/counter.o
 .debug_line    0x000000000000012a      0x15b c:/intelfpga_lite/18.1/nios2eds/bin/gnu/h-x86_64-mingw32/bin/../lib/gcc/nios2-elf/5.3.0/../../../../../H-x86_64-mingw32/nios2-elf/lib\libsmallc.a(lib_a-memcpy.o)
 .debug_line    0x0000000000000285      0x200 c:/intelfpga_lite/18.1/nios2eds/bin/gnu/h-x86_64-mingw32/bin/../lib/gcc/nios2-elf/5.3.0/../../../../../H-x86_64-mingw32/nios2-elf/lib\libsmallc.a(lib_a-printf.o)
 .debug_line    0x0000000000000485      0x203 c:/intelfpga_lite/18.1/nios2eds/bin/gnu/h-x86_64-mingw32/bin/../lib/gcc/nios2-elf/5.3.0/../../../../../H-x86_64-mingw32/nios2-elf/lib\libsmallc.a(lib_a-puts.o)
 .debug_line    0x0000000000000688      0x159 c:/intelfpga_lite/18.1/nios2eds/bin/gnu/h-x86_64-mingw32/bin/../lib/gcc/nios2-elf/5.3.0/../../../../../H-x86_64-mingw32/nios2-elf/lib\libsmallc.a(lib_a-strlen.o)
 .debug_line    0x00000000000007e1      0x34f c:/intelfpga_lite/18.1/nios2eds/bin/gnu/h-x86_64-mingw32/bin/../lib/gcc/nios2-elf/5.3.0/../../../../../H-x86_64-mingw32/nios2-elf/lib\libsmallc.a(lib_a-vfprintf.o)
 .debug_line    0x0000000000000b30      0x1ed c:/intelfpga_lite/18.1/nios2eds/bin/gnu/h-x86_64-mingw32/bin/../lib/gcc/nios2-elf/5.3.0/../../../../../H-x86_64-mingw32/nios2-elf/lib\libsmallc.a(lib_a-fvwrite_small_dev.o)
 .debug_line    0x0000000000000d1d      0x153 c:/intelfpga_lite/18.1/nios2eds/bin/gnu/h-x86_64-mingw32/bin/../lib/gcc/nios2-elf/5.3.0/../../../../../H-x86_64-mingw32/nios2-elf/lib\libsmallc.a(lib_a-impure.o)
 .debug_line    0x0000000000000e70      0x1ea c:/intelfpga_lite/18.1/nios2eds/bin/gnu/h-x86_64-mingw32/bin/../lib/gcc/nios2-elf/5.3.0/../../../../../H-x86_64-mingw32/nios2-elf/lib\libsmallc.a(lib_a-writer.o)
 .debug_line    0x000000000000105a       0x5c c:/intelfpga_lite/18.1/nios2eds/bin/gnu/h-x86_64-mingw32/bin/../lib/gcc/nios2-elf/5.3.0/../../../../../H-x86_64-mingw32/nios2-elf/lib\libsmallc.a(lib_a-int_errno.o)
 .debug_line    0x00000000000010b6      0x102 c:/intelfpga_lite/18.1/nios2eds/bin/gnu/h-x86_64-mingw32/bin/../lib/gcc/nios2-elf/5.3.0\libgcc.a(lib2-divmod.o)
 .debug_line    0x00000000000011b8       0x8e ../nios2_advance_bsp/\libhal_bsp.a(alt_load.o)
 .debug_line    0x0000000000001246       0xa4 ../nios2_advance_bsp/\libhal_bsp.a(alt_main.o)
 .debug_line    0x00000000000012ea       0xad ../nios2_advance_bsp/\libhal_bsp.a(alt_usleep.o)
 .debug_line    0x0000000000001397      0x1db ../nios2_advance_bsp/\libhal_bsp.a(alt_write.o)
 .debug_line    0x0000000000001572      0x142 ../nios2_advance_bsp/\libhal_bsp.a(alt_sys_init.o)
 .debug_line    0x00000000000016b4      0x112 ../nios2_advance_bsp/\libhal_bsp.a(altera_avalon_jtag_uart_fd.o)
 .debug_line    0x00000000000017c6       0xfd ../nios2_advance_bsp/\libhal_bsp.a(altera_avalon_jtag_uart_read.o)
 .debug_line    0x00000000000018c3       0xf4 ../nios2_advance_bsp/\libhal_bsp.a(altera_avalon_jtag_uart_write.o)
 .debug_line    0x00000000000019b7       0xfd ../nios2_advance_bsp/\libhal_bsp.a(altera_avalon_timer_sc.o)
 .debug_line    0x0000000000001ab4       0xa0 ../nios2_advance_bsp/\libhal_bsp.a(alt_busy_sleep.o)
 .debug_line    0x0000000000001b54      0x165 ../nios2_advance_bsp/\libhal_bsp.a(alt_close.o)
 .debug_line    0x0000000000001cb9       0x61 ../nios2_advance_bsp/\libhal_bsp.a(alt_dcache_flush_all.o)
 .debug_line    0x0000000000001d1a       0xf8 ../nios2_advance_bsp/\libhal_bsp.a(alt_dev.o)
 .debug_line    0x0000000000001e12       0xcf ../nios2_advance_bsp/\libhal_bsp.a(alt_dev_llist_insert.o)
 .debug_line    0x0000000000001ee1       0x59 ../nios2_advance_bsp/\libhal_bsp.a(alt_do_ctors.o)
 .debug_line    0x0000000000001f3a       0x59 ../nios2_advance_bsp/\libhal_bsp.a(alt_do_dtors.o)
 .debug_line    0x0000000000001f93       0x51 ../nios2_advance_bsp/\libhal_bsp.a(alt_errno.o)
 .debug_line    0x0000000000001fe4       0x50 ../nios2_advance_bsp/\libhal_bsp.a(alt_icache_flush_all.o)
 .debug_line    0x0000000000002034       0xeb ../nios2_advance_bsp/\libhal_bsp.a(alt_iic.o)
 .debug_line    0x000000000000211f       0xdb ../nios2_advance_bsp/\libhal_bsp.a(alt_iic_isr_register.o)
 .debug_line    0x00000000000021fa      0x133 ../nios2_advance_bsp/\libhal_bsp.a(alt_io_redirect.o)
 .debug_line    0x000000000000232d       0x6b ../nios2_advance_bsp/\libhal_bsp.a(alt_irq_entry.o)
 .debug_line    0x0000000000002398       0xaa ../nios2_advance_bsp/\libhal_bsp.a(alt_irq_handler.o)
 .debug_line    0x0000000000002442       0x50 ../nios2_advance_bsp/\libhal_bsp.a(alt_irq_vars.o)
 .debug_line    0x0000000000002492      0x128 ../nios2_advance_bsp/\libhal_bsp.a(alt_open.o)
 .debug_line    0x00000000000025ba       0xae ../nios2_advance_bsp/\libhal_bsp.a(alt_release_fd.o)
 .debug_line    0x0000000000002668       0xff ../nios2_advance_bsp/\libhal_bsp.a(alt_tick.o)
 .debug_line    0x0000000000002767       0x51 ../nios2_advance_bsp/\libhal_bsp.a(altera_nios2_gen2_irq.o)
 .debug_line    0x00000000000027b8       0xb3 ../nios2_advance_bsp/\libhal_bsp.a(alt_exception_entry.o)
 .debug_line    0x000000000000286b       0xb5 ../nios2_advance_bsp/\libhal_bsp.a(alt_find_dev.o)
 .debug_line    0x0000000000002920       0xd1 ../nios2_advance_bsp/\libhal_bsp.a(alt_find_file.o)
 .debug_line    0x00000000000029f1       0xd4 ../nios2_advance_bsp/\libhal_bsp.a(alt_get_fd.o)
 .debug_line    0x0000000000002ac5       0x81 ../nios2_advance_bsp/\libhal_bsp.a(alt_icache_flush.o)
 .debug_line    0x0000000000002b46       0xba ../nios2_advance_bsp/\libhal_bsp.a(alt_instruction_exception_entry.o)
 .debug_line    0x0000000000002c00       0xe4 c:/intelfpga_lite/18.1/nios2eds/bin/gnu/h-x86_64-mingw32/bin/../lib/gcc/nios2-elf/5.3.0/../../../../../H-x86_64-mingw32/nios2-elf/lib\libsmallc.a(lib_a-atexit.o)
 .debug_line    0x0000000000002ce4      0x156 c:/intelfpga_lite/18.1/nios2eds/bin/gnu/h-x86_64-mingw32/bin/../lib/gcc/nios2-elf/5.3.0/../../../../../H-x86_64-mingw32/nios2-elf/lib\libsmallc.a(lib_a-exit.o)
 .debug_line    0x0000000000002e3a      0x15d c:/intelfpga_lite/18.1/nios2eds/bin/gnu/h-x86_64-mingw32/bin/../lib/gcc/nios2-elf/5.3.0/../../../../../H-x86_64-mingw32/nios2-elf/lib\libsmallc.a(lib_a-memcmp.o)
 .debug_line    0x0000000000002f97      0x20a c:/intelfpga_lite/18.1/nios2eds/bin/gnu/h-x86_64-mingw32/bin/../lib/gcc/nios2-elf/5.3.0/../../../../../H-x86_64-mingw32/nios2-elf/lib\libsmallc.a(lib_a-__atexit.o)
 .debug_line    0x00000000000031a1      0x22f c:/intelfpga_lite/18.1/nios2eds/bin/gnu/h-x86_64-mingw32/bin/../lib/gcc/nios2-elf/5.3.0/../../../../../H-x86_64-mingw32/nios2-elf/lib\libsmallc.a(lib_a-__call_atexit.o)
 .debug_line    0x00000000000033d0       0x71 ../nios2_advance_bsp/\libhal_bsp.a(alt_exit.o)

.debug_frame    0x0000000000000000      0xcd0
 *(.debug_frame)
 .debug_frame   0x0000000000000000       0x9c obj/default/counter.o
 .debug_frame   0x000000000000009c       0x20 c:/intelfpga_lite/18.1/nios2eds/bin/gnu/h-x86_64-mingw32/bin/../lib/gcc/nios2-elf/5.3.0/../../../../../H-x86_64-mingw32/nios2-elf/lib\libsmallc.a(lib_a-memcpy.o)
 .debug_frame   0x00000000000000bc       0x48 c:/intelfpga_lite/18.1/nios2eds/bin/gnu/h-x86_64-mingw32/bin/../lib/gcc/nios2-elf/5.3.0/../../../../../H-x86_64-mingw32/nios2-elf/lib\libsmallc.a(lib_a-printf.o)
 .debug_frame   0x0000000000000104       0x48 c:/intelfpga_lite/18.1/nios2eds/bin/gnu/h-x86_64-mingw32/bin/../lib/gcc/nios2-elf/5.3.0/../../../../../H-x86_64-mingw32/nios2-elf/lib\libsmallc.a(lib_a-puts.o)
 .debug_frame   0x000000000000014c       0x20 c:/intelfpga_lite/18.1/nios2eds/bin/gnu/h-x86_64-mingw32/bin/../lib/gcc/nios2-elf/5.3.0/../../../../../H-x86_64-mingw32/nios2-elf/lib\libsmallc.a(lib_a-strlen.o)
 .debug_frame   0x000000000000016c       0x8c c:/intelfpga_lite/18.1/nios2eds/bin/gnu/h-x86_64-mingw32/bin/../lib/gcc/nios2-elf/5.3.0/../../../../../H-x86_64-mingw32/nios2-elf/lib\libsmallc.a(lib_a-vfprintf.o)
 .debug_frame   0x00000000000001f8       0x58 c:/intelfpga_lite/18.1/nios2eds/bin/gnu/h-x86_64-mingw32/bin/../lib/gcc/nios2-elf/5.3.0/../../../../../H-x86_64-mingw32/nios2-elf/lib\libsmallc.a(lib_a-fvwrite_small_dev.o)
 .debug_frame   0x0000000000000250       0x38 c:/intelfpga_lite/18.1/nios2eds/bin/gnu/h-x86_64-mingw32/bin/../lib/gcc/nios2-elf/5.3.0/../../../../../H-x86_64-mingw32/nios2-elf/lib\libsmallc.a(lib_a-writer.o)
 .debug_frame   0x0000000000000288       0x50 c:/intelfpga_lite/18.1/nios2eds/bin/gnu/h-x86_64-mingw32/bin/../lib/gcc/nios2-elf/5.3.0\libgcc.a(lib2-divmod.o)
 .debug_frame   0x00000000000002d8       0x5c ../nios2_advance_bsp/\libhal_bsp.a(alt_load.o)
 .debug_frame   0x0000000000000334       0x2c ../nios2_advance_bsp/\libhal_bsp.a(alt_main.o)
 .debug_frame   0x0000000000000360       0x38 ../nios2_advance_bsp/\libhal_bsp.a(alt_usleep.o)
 .debug_frame   0x0000000000000398       0x60 ../nios2_advance_bsp/\libhal_bsp.a(alt_write.o)
 .debug_frame   0x00000000000003f8       0x88 ../nios2_advance_bsp/\libhal_bsp.a(alt_sys_init.o)
 .debug_frame   0x0000000000000480       0x60 ../nios2_advance_bsp/\libhal_bsp.a(altera_avalon_jtag_uart_fd.o)
 .debug_frame   0x00000000000004e0       0x34 ../nios2_advance_bsp/\libhal_bsp.a(altera_avalon_jtag_uart_read.o)
 .debug_frame   0x0000000000000514       0x34 ../nios2_advance_bsp/\libhal_bsp.a(altera_avalon_jtag_uart_write.o)
 .debug_frame   0x0000000000000548       0x60 ../nios2_advance_bsp/\libhal_bsp.a(altera_avalon_timer_sc.o)
 .debug_frame   0x00000000000005a8       0x38 ../nios2_advance_bsp/\libhal_bsp.a(alt_busy_sleep.o)
 .debug_frame   0x00000000000005e0       0x60 ../nios2_advance_bsp/\libhal_bsp.a(alt_close.o)
 .debug_frame   0x0000000000000640       0x34 ../nios2_advance_bsp/\libhal_bsp.a(alt_dcache_flush_all.o)
 .debug_frame   0x0000000000000674       0x34 ../nios2_advance_bsp/\libhal_bsp.a(alt_dev.o)
 .debug_frame   0x00000000000006a8       0x60 ../nios2_advance_bsp/\libhal_bsp.a(alt_dev_llist_insert.o)
 .debug_frame   0x0000000000000708       0x38 ../nios2_advance_bsp/\libhal_bsp.a(alt_do_ctors.o)
 .debug_frame   0x0000000000000740       0x38 ../nios2_advance_bsp/\libhal_bsp.a(alt_do_dtors.o)
 .debug_frame   0x0000000000000778       0x38 ../nios2_advance_bsp/\libhal_bsp.a(alt_icache_flush_all.o)
 .debug_frame   0x00000000000007b0       0xa4 ../nios2_advance_bsp/\libhal_bsp.a(alt_iic.o)
 .debug_frame   0x0000000000000854       0x38 ../nios2_advance_bsp/\libhal_bsp.a(alt_iic_isr_register.o)
 .debug_frame   0x000000000000088c       0x60 ../nios2_advance_bsp/\libhal_bsp.a(alt_io_redirect.o)
 .debug_frame   0x00000000000008ec       0x38 ../nios2_advance_bsp/\libhal_bsp.a(alt_irq_handler.o)
 .debug_frame   0x0000000000000924       0x84 ../nios2_advance_bsp/\libhal_bsp.a(alt_open.o)
 .debug_frame   0x00000000000009a8       0x34 ../nios2_advance_bsp/\libhal_bsp.a(alt_release_fd.o)
 .debug_frame   0x00000000000009dc       0x5c ../nios2_advance_bsp/\libhal_bsp.a(alt_tick.o)
 .debug_frame   0x0000000000000a38       0x34 ../nios2_advance_bsp/\libhal_bsp.a(altera_nios2_gen2_irq.o)
 .debug_frame   0x0000000000000a6c       0x38 ../nios2_advance_bsp/\libhal_bsp.a(alt_find_dev.o)
 .debug_frame   0x0000000000000aa4       0x38 ../nios2_advance_bsp/\libhal_bsp.a(alt_find_file.o)
 .debug_frame   0x0000000000000adc       0x34 ../nios2_advance_bsp/\libhal_bsp.a(alt_get_fd.o)
 .debug_frame   0x0000000000000b10       0x34 ../nios2_advance_bsp/\libhal_bsp.a(alt_icache_flush.o)
 .debug_frame   0x0000000000000b44       0x5c ../nios2_advance_bsp/\libhal_bsp.a(alt_instruction_exception_entry.o)
 .debug_frame   0x0000000000000ba0       0x20 c:/intelfpga_lite/18.1/nios2eds/bin/gnu/h-x86_64-mingw32/bin/../lib/gcc/nios2-elf/5.3.0/../../../../../H-x86_64-mingw32/nios2-elf/lib\libsmallc.a(lib_a-atexit.o)
 .debug_frame   0x0000000000000bc0       0x28 c:/intelfpga_lite/18.1/nios2eds/bin/gnu/h-x86_64-mingw32/bin/../lib/gcc/nios2-elf/5.3.0/../../../../../H-x86_64-mingw32/nios2-elf/lib\libsmallc.a(lib_a-exit.o)
 .debug_frame   0x0000000000000be8       0x20 c:/intelfpga_lite/18.1/nios2eds/bin/gnu/h-x86_64-mingw32/bin/../lib/gcc/nios2-elf/5.3.0/../../../../../H-x86_64-mingw32/nios2-elf/lib\libsmallc.a(lib_a-memcmp.o)
 .debug_frame   0x0000000000000c08       0x48 c:/intelfpga_lite/18.1/nios2eds/bin/gnu/h-x86_64-mingw32/bin/../lib/gcc/nios2-elf/5.3.0/../../../../../H-x86_64-mingw32/nios2-elf/lib\libsmallc.a(lib_a-__atexit.o)
 .debug_frame   0x0000000000000c50       0x54 c:/intelfpga_lite/18.1/nios2eds/bin/gnu/h-x86_64-mingw32/bin/../lib/gcc/nios2-elf/5.3.0/../../../../../H-x86_64-mingw32/nios2-elf/lib\libsmallc.a(lib_a-__call_atexit.o)
 .debug_frame   0x0000000000000ca4       0x2c ../nios2_advance_bsp/\libhal_bsp.a(alt_exit.o)

.debug_str      0x0000000000000000     0x1ea3
 *(.debug_str)
 .debug_str     0x0000000000000000      0x169 obj/default/counter.o
                                        0x1b4 (size before relaxing)
 .debug_str     0x0000000000000169      0x134 c:/intelfpga_lite/18.1/nios2eds/bin/gnu/h-x86_64-mingw32/bin/../lib/gcc/nios2-elf/5.3.0/../../../../../H-x86_64-mingw32/nios2-elf/lib\libsmallc.a(lib_a-memcpy.o)
                                        0x1d9 (size before relaxing)
 .debug_str     0x000000000000029d      0x3b2 c:/intelfpga_lite/18.1/nios2eds/bin/gnu/h-x86_64-mingw32/bin/../lib/gcc/nios2-elf/5.3.0/../../../../../H-x86_64-mingw32/nios2-elf/lib\libsmallc.a(lib_a-printf.o)
                                        0x4ea (size before relaxing)
 .debug_str     0x000000000000064f       0x60 c:/intelfpga_lite/18.1/nios2eds/bin/gnu/h-x86_64-mingw32/bin/../lib/gcc/nios2-elf/5.3.0/../../../../../H-x86_64-mingw32/nios2-elf/lib\libsmallc.a(lib_a-puts.o)
                                        0x4b3 (size before relaxing)
 .debug_str     0x00000000000006af       0x3a c:/intelfpga_lite/18.1/nios2eds/bin/gnu/h-x86_64-mingw32/bin/../lib/gcc/nios2-elf/5.3.0/../../../../../H-x86_64-mingw32/nios2-elf/lib\libsmallc.a(lib_a-strlen.o)
                                        0x1cb (size before relaxing)
 .debug_str     0x00000000000006e9      0x1e9 c:/intelfpga_lite/18.1/nios2eds/bin/gnu/h-x86_64-mingw32/bin/../lib/gcc/nios2-elf/5.3.0/../../../../../H-x86_64-mingw32/nios2-elf/lib\libsmallc.a(lib_a-vfprintf.o)
                                        0x665 (size before relaxing)
 .debug_str     0x00000000000008d2       0x60 c:/intelfpga_lite/18.1/nios2eds/bin/gnu/h-x86_64-mingw32/bin/../lib/gcc/nios2-elf/5.3.0/../../../../../H-x86_64-mingw32/nios2-elf/lib\libsmallc.a(lib_a-fvwrite_small_dev.o)
                                        0x4ba (size before relaxing)
 .debug_str     0x0000000000000932       0xe1 c:/intelfpga_lite/18.1/nios2eds/bin/gnu/h-x86_64-mingw32/bin/../lib/gcc/nios2-elf/5.3.0/../../../../../H-x86_64-mingw32/nios2-elf/lib\libsmallc.a(lib_a-impure.o)
                                        0x4a4 (size before relaxing)
 .debug_str     0x0000000000000a13       0x42 c:/intelfpga_lite/18.1/nios2eds/bin/gnu/h-x86_64-mingw32/bin/../lib/gcc/nios2-elf/5.3.0/../../../../../H-x86_64-mingw32/nios2-elf/lib\libsmallc.a(lib_a-writer.o)
                                        0x49e (size before relaxing)
 .debug_str     0x0000000000000a55       0x3c c:/intelfpga_lite/18.1/nios2eds/bin/gnu/h-x86_64-mingw32/bin/../lib/gcc/nios2-elf/5.3.0/../../../../../H-x86_64-mingw32/nios2-elf/lib\libsmallc.a(lib_a-int_errno.o)
                                        0x1be (size before relaxing)
 .debug_str     0x0000000000000a91      0x16d c:/intelfpga_lite/18.1/nios2eds/bin/gnu/h-x86_64-mingw32/bin/../lib/gcc/nios2-elf/5.3.0\libgcc.a(lib2-divmod.o)
                                        0x1b8 (size before relaxing)
 .debug_str     0x0000000000000bfe      0x163 ../nios2_advance_bsp/\libhal_bsp.a(alt_load.o)
                                        0x247 (size before relaxing)
 .debug_str     0x0000000000000d61       0x70 ../nios2_advance_bsp/\libhal_bsp.a(alt_main.o)
                                        0x1d2 (size before relaxing)
 .debug_str     0x0000000000000dd1       0x27 ../nios2_advance_bsp/\libhal_bsp.a(alt_usleep.o)
                                        0x17d (size before relaxing)
 .debug_str     0x0000000000000df8      0x15f ../nios2_advance_bsp/\libhal_bsp.a(alt_write.o)
                                        0x32d (size before relaxing)
 .debug_str     0x0000000000000f57      0x138 ../nios2_advance_bsp/\libhal_bsp.a(alt_sys_init.o)
                                        0x341 (size before relaxing)
 .debug_str     0x000000000000108f       0x77 ../nios2_advance_bsp/\libhal_bsp.a(altera_avalon_jtag_uart_fd.o)
                                        0x30a (size before relaxing)
 .debug_str     0x0000000000001106       0x48 ../nios2_advance_bsp/\libhal_bsp.a(altera_avalon_jtag_uart_read.o)
                                        0x254 (size before relaxing)
 .debug_str     0x000000000000114e       0x4a ../nios2_advance_bsp/\libhal_bsp.a(altera_avalon_jtag_uart_write.o)
                                        0x24a (size before relaxing)
 .debug_str     0x0000000000001198       0xb6 ../nios2_advance_bsp/\libhal_bsp.a(altera_avalon_timer_sc.o)
                                        0x280 (size before relaxing)
 .debug_str     0x000000000000124e       0x42 ../nios2_advance_bsp/\libhal_bsp.a(alt_busy_sleep.o)
                                        0x1a0 (size before relaxing)
 .debug_str     0x0000000000001290       0x1b ../nios2_advance_bsp/\libhal_bsp.a(alt_close.o)
                                        0x240 (size before relaxing)
 .debug_str     0x00000000000012ab       0x34 ../nios2_advance_bsp/\libhal_bsp.a(alt_dcache_flush_all.o)
                                        0x18a (size before relaxing)
 .debug_str     0x00000000000012df       0x50 ../nios2_advance_bsp/\libhal_bsp.a(alt_dev.o)
                                        0x33a (size before relaxing)
 .debug_str     0x000000000000132f       0x45 ../nios2_advance_bsp/\libhal_bsp.a(alt_dev_llist_insert.o)
                                        0x201 (size before relaxing)
 .debug_str     0x0000000000001374       0x48 ../nios2_advance_bsp/\libhal_bsp.a(alt_do_ctors.o)
                                        0x105 (size before relaxing)
 .debug_str     0x00000000000013bc       0x4c ../nios2_advance_bsp/\libhal_bsp.a(alt_do_dtors.o)
                                        0x104 (size before relaxing)
 .debug_str     0x0000000000001408       0x14 ../nios2_advance_bsp/\libhal_bsp.a(alt_errno.o)
                                        0x17a (size before relaxing)
 .debug_str     0x000000000000141c       0x34 ../nios2_advance_bsp/\libhal_bsp.a(alt_icache_flush_all.o)
                                        0x18a (size before relaxing)
 .debug_str     0x0000000000001450       0xc4 ../nios2_advance_bsp/\libhal_bsp.a(alt_iic.o)
                                        0x273 (size before relaxing)
 .debug_str     0x0000000000001514       0x4c ../nios2_advance_bsp/\libhal_bsp.a(alt_iic_isr_register.o)
                                        0x21d (size before relaxing)
 .debug_str     0x0000000000001560       0x56 ../nios2_advance_bsp/\libhal_bsp.a(alt_io_redirect.o)
                                        0x34b (size before relaxing)
 .debug_str     0x00000000000015b6       0x3a ../nios2_advance_bsp/\libhal_bsp.a(alt_irq_handler.o)
                                        0x1cc (size before relaxing)
 .debug_str     0x00000000000015f0       0x17 ../nios2_advance_bsp/\libhal_bsp.a(alt_irq_vars.o)
                                        0x16f (size before relaxing)
 .debug_str     0x0000000000001607       0x2f ../nios2_advance_bsp/\libhal_bsp.a(alt_open.o)
                                        0x280 (size before relaxing)
 .debug_str     0x0000000000001636       0x28 ../nios2_advance_bsp/\libhal_bsp.a(alt_release_fd.o)
                                        0x208 (size before relaxing)
 .debug_str     0x000000000000165e       0x78 ../nios2_advance_bsp/\libhal_bsp.a(alt_tick.o)
                                        0x287 (size before relaxing)
 .debug_str     0x00000000000016d6       0x3b ../nios2_advance_bsp/\libhal_bsp.a(altera_nios2_gen2_irq.o)
                                        0x191 (size before relaxing)
 .debug_str     0x0000000000001711       0x24 ../nios2_advance_bsp/\libhal_bsp.a(alt_find_dev.o)
                                        0x221 (size before relaxing)
 .debug_str     0x0000000000001735       0x26 ../nios2_advance_bsp/\libhal_bsp.a(alt_find_file.o)
                                        0x22f (size before relaxing)
 .debug_str     0x000000000000175b       0x30 ../nios2_advance_bsp/\libhal_bsp.a(alt_get_fd.o)
                                        0x251 (size before relaxing)
 .debug_str     0x000000000000178b       0x2c ../nios2_advance_bsp/\libhal_bsp.a(alt_icache_flush.o)
                                        0x190 (size before relaxing)
 .debug_str     0x00000000000017b7      0x48b ../nios2_advance_bsp/\libhal_bsp.a(alt_instruction_exception_entry.o)
                                        0x5d5 (size before relaxing)
 .debug_str     0x0000000000001c42      0x108 c:/intelfpga_lite/18.1/nios2eds/bin/gnu/h-x86_64-mingw32/bin/../lib/gcc/nios2-elf/5.3.0/../../../../../H-x86_64-mingw32/nios2-elf/lib\libsmallc.a(lib_a-atexit.o)
                                        0x202 (size before relaxing)
 .debug_str     0x0000000000001d4a       0x49 c:/intelfpga_lite/18.1/nios2eds/bin/gnu/h-x86_64-mingw32/bin/../lib/gcc/nios2-elf/5.3.0/../../../../../H-x86_64-mingw32/nios2-elf/lib\libsmallc.a(lib_a-exit.o)
                                        0x1d6 (size before relaxing)
 .debug_str     0x0000000000001d93       0x41 c:/intelfpga_lite/18.1/nios2eds/bin/gnu/h-x86_64-mingw32/bin/../lib/gcc/nios2-elf/5.3.0/../../../../../H-x86_64-mingw32/nios2-elf/lib\libsmallc.a(lib_a-memcmp.o)
                                        0x1c5 (size before relaxing)
 .debug_str     0x0000000000001dd4       0x43 c:/intelfpga_lite/18.1/nios2eds/bin/gnu/h-x86_64-mingw32/bin/../lib/gcc/nios2-elf/5.3.0/../../../../../H-x86_64-mingw32/nios2-elf/lib\libsmallc.a(lib_a-__atexit.o)
                                        0x4e5 (size before relaxing)
 .debug_str     0x0000000000001e17       0x62 c:/intelfpga_lite/18.1/nios2eds/bin/gnu/h-x86_64-mingw32/bin/../lib/gcc/nios2-elf/5.3.0/../../../../../H-x86_64-mingw32/nios2-elf/lib\libsmallc.a(lib_a-__call_atexit.o)
                                        0x4d1 (size before relaxing)
 .debug_str     0x0000000000001e79       0x2a ../nios2_advance_bsp/\libhal_bsp.a(alt_exit.o)
                                        0x186 (size before relaxing)

.debug_loc      0x0000000000000000     0x1629
 *(.debug_loc)
 .debug_loc     0x0000000000000000      0x135 c:/intelfpga_lite/18.1/nios2eds/bin/gnu/h-x86_64-mingw32/bin/../lib/gcc/nios2-elf/5.3.0/../../../../../H-x86_64-mingw32/nios2-elf/lib\libsmallc.a(lib_a-memcpy.o)
 .debug_loc     0x0000000000000135       0xc6 c:/intelfpga_lite/18.1/nios2eds/bin/gnu/h-x86_64-mingw32/bin/../lib/gcc/nios2-elf/5.3.0/../../../../../H-x86_64-mingw32/nios2-elf/lib\libsmallc.a(lib_a-printf.o)
 .debug_loc     0x00000000000001fb       0x97 c:/intelfpga_lite/18.1/nios2eds/bin/gnu/h-x86_64-mingw32/bin/../lib/gcc/nios2-elf/5.3.0/../../../../../H-x86_64-mingw32/nios2-elf/lib\libsmallc.a(lib_a-puts.o)
 .debug_loc     0x0000000000000292       0x1e c:/intelfpga_lite/18.1/nios2eds/bin/gnu/h-x86_64-mingw32/bin/../lib/gcc/nios2-elf/5.3.0/../../../../../H-x86_64-mingw32/nios2-elf/lib\libsmallc.a(lib_a-strlen.o)
 .debug_loc     0x00000000000002b0      0x901 c:/intelfpga_lite/18.1/nios2eds/bin/gnu/h-x86_64-mingw32/bin/../lib/gcc/nios2-elf/5.3.0/../../../../../H-x86_64-mingw32/nios2-elf/lib\libsmallc.a(lib_a-vfprintf.o)
 .debug_loc     0x0000000000000bb1      0x110 c:/intelfpga_lite/18.1/nios2eds/bin/gnu/h-x86_64-mingw32/bin/../lib/gcc/nios2-elf/5.3.0/../../../../../H-x86_64-mingw32/nios2-elf/lib\libsmallc.a(lib_a-fvwrite_small_dev.o)